[核挖掘] 样本=300 seed=20260721
  [0] 总子句=812  MUS子句=64  涉及cell=34/37
  [1] 总子句=774  MUS子句=64  涉及cell=34/37
  [2] 总子句=704  MUS子句=61  涉及cell=33/37
  [3] 总子句=856  MUS子句=13  涉及cell=6/37  ★小核
  [4] 总子句=792  MUS子句=66  涉及cell=34/37
  [5] 总子句=1060  MUS子句=13  涉及cell=7/37  ★小核
  [6] 总子句=826  MUS子句=12  涉及cell=5/37  ★小核
  [7] 总子句=858  MUS子句=75  涉及cell=36/37
  [8] 总子句=916  MUS子句=67  涉及cell=33/37
  [9] 总子句=812  MUS子句=72  涉及cell=36/37
  [10] 总子句=958  MUS子句=43  涉及cell=28/37
  [11] 总子句=858  MUS子句=77  涉及cell=37/37
  [12] 总子句=758  MUS子句=43  涉及cell=27/37
  [13] 总子句=824  MUS子句=11  涉及cell=6/37  ★小核
  [14] 总子句=816  MUS子句=53  涉及cell=29/37
  [15] 总子句=662  MUS子句=47  涉及cell=30/37
  [16] 总子句=834  MUS子句=45  涉及cell=26/37
  [17] 总子句=784  MUS子句=62  涉及cell=31/37
  [18] 总子句=812  MUS子句=58  涉及cell=32/37
  [19] 总子句=794  MUS子句=59  涉及cell=34/37
  [20] 总子句=766  MUS子句=52  涉及cell=30/37
  [21] 总子句=894  MUS子句=68  涉及cell=34/37
  [22] 总子句=964  MUS子句=44  涉及cell=29/37
  [23] 总子句=814  MUS子句=41  涉及cell=28/37
  [24] 总子句=810  MUS子句=73  涉及cell=36/37
  [25] 总子句=856  MUS子句=39  涉及cell=29/37
  [26] 总子句=814  MUS子句=73  涉及cell=36/37
  [27] 总子句=870  MUS子句=13  涉及cell=6/37  ★小核
  [28] 总子句=850  MUS子句=68  涉及cell=35/37
  [29] 总子句=826  MUS子句=21  涉及cell=16/37
  [30] 总子句=906  MUS子句=42  涉及cell=28/37
  [31] 总子句=780  MUS子句=52  涉及cell=29/37
  [32] 总子句=1216  MUS子句=36  涉及cell=25/37
  [33] 总子句=794  MUS子句=59  涉及cell=33/37
  [34] 总子句=946  MUS子句=11  涉及cell=6/37  ★小核
  [35] 总子句=816  MUS子句=83  涉及cell=36/37
  [36] 总子句=832  MUS子句=73  涉及cell=35/37
  [37] 总子句=812  MUS子句=56  涉及cell=31/37
  [38] 总子句=950  MUS子句=43  涉及cell=30/37
  [39] 总子句=724  MUS子句=55  涉及cell=31/37
  [40] 总子句=902  MUS子句=62  涉及cell=33/37
  [41] 总子句=680  MUS子句=50  涉及cell=31/37
  [42] 总子句=724  MUS子句=71  涉及cell=35/37
  [43] 总子句=990  MUS子句=51  涉及cell=31/37
  [44] 总子句=790  MUS子句=55  涉及cell=33/37
  [45] 总子句=820  MUS子句=54  涉及cell=29/37
  [46] 总子句=714  MUS子句=66  涉及cell=34/37
  [47] 总子句=992  MUS子句=41  涉及cell=26/37
  [48] 总子句=866  MUS子句=16  涉及cell=8/37  ★小核
  [49] 总子句=856  MUS子句=84  涉及cell=37/37
  [50] 总子句=936  MUS子句=43  涉及cell=28/37
  [51] 总子句=888  MUS子句=52  涉及cell=30/37
  [52] 总子句=804  MUS子句=53  涉及cell=32/37
  [53] 总子句=724  MUS子句=66  涉及cell=33/37
  [54] 总子句=832  MUS子句=58  涉及cell=32/37
  [55] 总子句=802  MUS子句=38  涉及cell=27/37
  [56] 总子句=840  MUS子句=44  涉及cell=31/37
  [57] 总子句=710  MUS子句=73  涉及cell=36/37
  [58] 总子句=1034  MUS子句=14  涉及cell=8/37  ★小核
  [59] 总子句=946  MUS子句=30  涉及cell=19/37
  [60] 总子句=788  MUS子句=71  涉及cell=34/37
  [61] 总子句=890  MUS子句=72  涉及cell=34/37
  [62] 总子句=716  MUS子句=75  涉及cell=35/37
  [63] 总子句=760  MUS子句=63  涉及cell=34/37
  [64] 总子句=832  MUS子句=72  涉及cell=34/37
  [65] 总子句=752  MUS子句=60  涉及cell=34/37
  [66] 总子句=834  MUS子句=65  涉及cell=34/37
  [67] 总子句=812  MUS子句=44  涉及cell=26/37
  [68] 总子句=782  MUS子句=65  涉及cell=32/37
  [69] 总子句=814  MUS子句=55  涉及cell=32/37
  [70] 总子句=782  MUS子句=12  涉及cell=8/37  ★小核
  [71] 总子句=856  MUS子句=76  涉及cell=36/37
  [72] 总子句=1152  MUS子句=14  涉及cell=7/37  ★小核
  [73] 总子句=940  MUS子句=30  涉及cell=19/37
  [74] 总子句=850  MUS子句=47  涉及cell=28/37
  [75] 总子句=990  MUS子句=64  涉及cell=35/37
  [76] 总子句=844  MUS子句=76  涉及cell=35/37
  [77] 总子句=1192  MUS子句=20  涉及cell=14/37
  [78] 总子句=726  MUS子句=60  涉及cell=33/37
  [79] 总子句=810  MUS子句=59  涉及cell=31/37
  [80] 总子句=714  MUS子句=36  涉及cell=25/37
  [81] 总子句=966  MUS子句=35  涉及cell=25/37
  [82] 总子句=814  MUS子句=47  涉及cell=31/37
  [83] 总子句=856  MUS子句=56  涉及cell=29/37
  [84] 总子句=888  MUS子句=81  涉及cell=36/37
  [85] 总子句=896  MUS子句=32  涉及cell=23/37
  [86] 总子句=842  MUS子句=61  涉及cell=31/37
  [87] 总子句=870  MUS子句=56  涉及cell=33/37
  [88] 总子句=792  MUS子句=37  涉及cell=26/37
  [89] 总子句=760  MUS子句=51  涉及cell=29/37
  [90] 总子句=674  MUS子句=56  涉及cell=36/37
  [91] 总子句=862  MUS子句=46  涉及cell=30/37
  [92] 总子句=792  MUS子句=79  涉及cell=35/37
  [93] 总子句=736  MUS子句=37  涉及cell=26/37
  [94] 总子句=790  MUS子句=78  涉及cell=36/37
  [95] 总子句=762  MUS子句=68  涉及cell=32/37
  [96] 总子句=928  MUS子句=30  涉及cell=21/37
  [97] 总子句=726  MUS子句=47  涉及cell=31/37
  [98] 总子句=802  MUS子句=32  涉及cell=25/37
  [99] 总子句=734  MUS子句=76  涉及cell=33/37
  [100] 总子句=888  MUS子句=70  涉及cell=34/37
  [101] 总子句=990  MUS子句=36  涉及cell=25/37
  [102] 总子句=778  MUS子句=58  涉及cell=34/37
  [103] 总子句=990  MUS子句=43  涉及cell=23/37
  [104] 总子句=768  MUS子句=54  涉及cell=31/37
  [105] 总子句=748  MUS子句=55  涉及cell=33/37
  [106] 总子句=812  MUS子句=44  涉及cell=25/37
  [107] 总子句=820  MUS子句=49  涉及cell=30/37
  [108] 总子句=796  MUS子句=70  涉及cell=34/37
  [109] 总子句=706  MUS子句=49  涉及cell=29/37
  [110] 总子句=832  MUS子句=59  涉及cell=32/37
  [111] 总子句=928  MUS子句=20  涉及cell=12/37
  [112] 总子句=772  MUS子句=58  涉及cell=30/37
  [113] 总子句=786  MUS子句=28  涉及cell=22/37
  [114] 总子句=940  MUS子句=40  涉及cell=26/37
  [115] 总子句=738  MUS子句=70  涉及cell=35/37
  [116] 总子句=764  MUS子句=53  涉及cell=30/37
  [117] 总子句=970  MUS子句=34  涉及cell=23/37
  [118] 总子句=840  MUS子句=32  涉及cell=25/37
  [119] 总子句=784  MUS子句=81  涉及cell=36/37
  [120] 总子句=676  MUS子句=67  涉及cell=34/37
  [121] 总子句=788  MUS子句=53  涉及cell=33/37
  [122] 总子句=782  MUS子句=48  涉及cell=30/37
  [123] 总子句=966  MUS子句=54  涉及cell=29/37
  [124] 总子句=744  MUS子句=10  涉及cell=5/37  ★小核
  [125] 总子句=948  MUS子句=67  涉及cell=34/37
  [126] 总子句=690  MUS子句=72  涉及cell=33/37
  [127] 总子句=768  MUS子句=26  涉及cell=17/37
  [128] 总子句=792  MUS子句=46  涉及cell=30/37
  [129] 总子句=970  MUS子句=25  涉及cell=18/37
  [130] 总子句=816  MUS子句=42  涉及cell=28/37
  [131] 总子句=710  MUS子句=45  涉及cell=28/37
  [132] 总子句=890  MUS子句=70  涉及cell=33/37
  [133] 总子句=828  MUS子句=50  涉及cell=28/37
  [134] 总子句=894  MUS子句=13  涉及cell=6/37  ★小核
  [135] 总子句=800  MUS子句=81  涉及cell=36/37
  [136] 总子句=1056  MUS子句=36  涉及cell=22/37
  [137] 总子句=828  MUS子句=25  涉及cell=19/37
  [138] 总子句=902  MUS子句=66  涉及cell=36/37
  [139] 总子句=712  MUS子句=72  涉及cell=36/37
  [140] 总子句=748  MUS子句=60  涉及cell=32/37
  [141] 总子句=770  MUS子句=75  涉及cell=37/37
  [142] 总子句=720  MUS子句=41  涉及cell=30/37
  [143] 总子句=894  MUS子句=34  涉及cell=25/37
  [144] 总子句=814  MUS子句=67  涉及cell=34/37
  [145] 总子句=708  MUS子句=44  涉及cell=25/37
  [146] 总子句=896  MUS子句=61  涉及cell=34/37
  [147] 总子句=764  MUS子句=38  涉及cell=28/37
  [148] 总子句=972  MUS子句=11  涉及cell=6/37  ★小核
  [149] 总子句=860  MUS子句=77  涉及cell=35/37
  [150] 总子句=892  MUS子句=63  涉及cell=34/37
  [151] 总子句=836  MUS子句=57  涉及cell=32/37
  [152] 总子句=774  MUS子句=10  涉及cell=4/37  ★小核
  [153] 总子句=960  MUS子句=57  涉及cell=31/37
  [154] 总子句=900  MUS子句=44  涉及cell=27/37
  [155] 总子句=878  MUS子句=34  涉及cell=26/37
  [156] 总子句=862  MUS子句=51  涉及cell=30/37
  [157] 总子句=938  MUS子句=50  涉及cell=30/37
  [158] 总子句=798  MUS子句=75  涉及cell=34/37
  [159] 总子句=996  MUS子句=50  涉及cell=29/37
  [160] 总子句=828  MUS子句=75  涉及cell=35/37
  [161] 总子句=800  MUS子句=21  涉及cell=14/37
  [162] 总子句=844  MUS子句=63  涉及cell=34/37
  [163] 总子句=870  MUS子句=65  涉及cell=34/37
  [164] 总子句=922  MUS子句=57  涉及cell=34/37
  [165] 总子句=700  MUS子句=58  涉及cell=30/37
  [166] 总子句=862  MUS子句=62  涉及cell=32/37
  [167] 总子句=860  MUS子句=41  涉及cell=27/37
  [168] 总子句=748  MUS子句=52  涉及cell=33/37
  [169] 总子句=1022  MUS子句=50  涉及cell=29/37
  [170] 总子句=1076  MUS子句=30  涉及cell=22/37
  [171] 总子句=838  MUS子句=53  涉及cell=30/37
  [172] 总子句=734  MUS子句=80  涉及cell=35/37
  [173] 总子句=822  MUS子句=58  涉及cell=30/37
  [174] 总子句=704  MUS子句=67  涉及cell=32/37
  [175] 总子句=764  MUS子句=41  涉及cell=29/37
  [176] 总子句=944  MUS子句=25  涉及cell=17/37
  [177] 总子句=1068  MUS子句=35  涉及cell=24/37
  [178] 总子句=976  MUS子句=14  涉及cell=6/37  ★小核
  [179] 总子句=706  MUS子句=48  涉及cell=31/37
  [180] 总子句=830  MUS子句=72  涉及cell=33/37
  [181] 总子句=814  MUS子句=76  涉及cell=35/37
  [182] 总子句=860  MUS子句=66  涉及cell=32/37
  [183] 总子句=1030  MUS子句=76  涉及cell=33/37
  [184] 总子句=944  MUS子句=39  涉及cell=25/37
  [185] 总子句=1098  MUS子句=15  涉及cell=7/37  ★小核
  [186] 总子句=742  MUS子句=10  涉及cell=5/37  ★小核
  [187] 总子句=712  MUS子句=74  涉及cell=35/37
  [188] 总子句=652  MUS子句=67  涉及cell=37/37
  [189] 总子句=810  MUS子句=56  涉及cell=33/37
  [190] 总子句=756  MUS子句=41  涉及cell=27/37
  [191] 总子句=784  MUS子句=62  涉及cell=35/37
  [192] 总子句=588  MUS子句=74  涉及cell=34/37
  [193] 总子句=1004  MUS子句=67  涉及cell=35/37
  [194] 总子句=812  MUS子句=49  涉及cell=28/37
  [195] 总子句=784  MUS子句=51  涉及cell=30/37
  [196] 总子句=790  MUS子句=71  涉及cell=36/37
  [197] 总子句=734  MUS子句=39  涉及cell=28/37
  [198] 总子句=824  MUS子句=24  涉及cell=17/37
  [199] 总子句=816  MUS子句=66  涉及cell=33/37
  [200] 总子句=1000  MUS子句=51  涉及cell=30/37
  [201] 总子句=840  MUS子句=59  涉及cell=30/37
  [202] 总子句=778  MUS子句=82  涉及cell=35/37
  [203] 总子句=752  MUS子句=67  涉及cell=34/37
  [204] 总子句=970  MUS子句=38  涉及cell=30/37
  [205] 总子句=1266  MUS子句=32  涉及cell=26/37
  [206] 总子句=968  MUS子句=59  涉及cell=34/37
  [207] 总子句=1094  MUS子句=34  涉及cell=25/37
  [208] 总子句=936  MUS子句=51  涉及cell=32/37
  [209] 总子句=724  MUS子句=85  涉及cell=36/37
  [210] 总子句=746  MUS子句=64  涉及cell=34/37
  [211] 总子句=852  MUS子句=66  涉及cell=35/37
  [212] 总子句=854  MUS子句=14  涉及cell=8/37  ★小核
  [213] 总子句=924  MUS子句=46  涉及cell=32/37
  [214] 总子句=708  MUS子句=86  涉及cell=36/37
  [215] 总子句=806  MUS子句=79  涉及cell=37/37
  [216] 总子句=732  MUS子句=28  涉及cell=21/37
  [217] 总子句=898  MUS子句=49  涉及cell=29/37
  [218] 总子句=992  MUS子句=44  涉及cell=31/37
  [219] 总子句=908  MUS子句=55  涉及cell=31/37
  [220] 总子句=828  MUS子句=78  涉及cell=35/37
  [221] 总子句=796  MUS子句=68  涉及cell=34/37
  [222] 总子句=940  MUS子句=26  涉及cell=16/37
  [223] 总子句=770  MUS子句=68  涉及cell=33/37
  [224] 总子句=758  MUS子句=46  涉及cell=30/37
  [225] 总子句=778  MUS子句=11  涉及cell=6/37  ★小核
  [226] 总子句=774  MUS子句=62  涉及cell=30/37
  [227] 总子句=850  MUS子句=54  涉及cell=30/37
  [228] 总子句=910  MUS子句=56  涉及cell=32/37
  [229] 总子句=756  MUS子句=84  涉及cell=36/37
  [230] 总子句=840  MUS子句=50  涉及cell=30/37
  [231] 总子句=782  MUS子句=72  涉及cell=36/37
  [232] 总子句=972  MUS子句=63  涉及cell=34/37
  [233] 总子句=718  MUS子句=10  涉及cell=5/37  ★小核
  [234] 总子句=702  MUS子句=73  涉及cell=35/37
  [235] 总子句=880  MUS子句=65  涉及cell=34/37
  [236] 总子句=1004  MUS子句=41  涉及cell=27/37
  [237] 总子句=910  MUS子句=57  涉及cell=28/37
  [238] 总子句=796  MUS子句=41  涉及cell=30/37
  [239] 总子句=808  MUS子句=69  涉及cell=35/37
  [240] 总子句=948  MUS子句=14  涉及cell=6/37  ★小核
  [241] 总子句=924  MUS子句=55  涉及cell=30/37
  [242] 总子句=810  MUS子句=66  涉及cell=34/37
  [243] 总子句=722  MUS子句=71  涉及cell=36/37
  [244] 总子句=936  MUS子句=12  涉及cell=6/37  ★小核
  [245] 总子句=856  MUS子句=61  涉及cell=33/37
  [246] 总子句=800  MUS子句=20  涉及cell=12/37
  [247] 总子句=838  MUS子句=10  涉及cell=5/37  ★小核
  [248] 总子句=1092  MUS子句=64  涉及cell=31/37
  [249] 总子句=692  MUS子句=74  涉及cell=36/37
  [250] 总子句=848  MUS子句=63  涉及cell=31/37
  [251] 总子句=898  MUS子句=38  涉及cell=22/37
  [252] 总子句=842  MUS子句=11  涉及cell=6/37  ★小核
  [253] 总子句=726  MUS子句=35  涉及cell=24/37
  [254] 总子句=790  MUS子句=37  涉及cell=21/37
  [255] 总子句=992  MUS子句=59  涉及cell=31/37
  [256] 总子句=842  MUS子句=49  涉及cell=29/37
  [257] 总子句=754  MUS子句=57  涉及cell=32/37
  [258] 总子句=782  MUS子句=52  涉及cell=31/37
  [259] 总子句=868  MUS子句=56  涉及cell=31/37
  [260] 总子句=718  MUS子句=55  涉及cell=34/37
  [261] 总子句=842  MUS子句=70  涉及cell=34/37
  [262] 总子句=820  MUS子句=41  涉及cell=26/37
  [263] 总子句=666  MUS子句=84  涉及cell=37/37
  [264] 总子句=778  MUS子句=70  涉及cell=34/37
  [265] 总子句=822  MUS子句=71  涉及cell=33/37
  [266] 总子句=820  MUS子句=72  涉及cell=33/37
  [267] 总子句=790  MUS子句=32  涉及cell=22/37
  [268] 总子句=832  MUS子句=58  涉及cell=33/37
  [269] 总子句=858  MUS子句=57  涉及cell=33/37
  [270] 总子句=776  MUS子句=68  涉及cell=33/37
  [271] 总子句=874  MUS子句=81  涉及cell=34/37
  [272] 总子句=792  MUS子句=54  涉及cell=30/37
  [273] 总子句=750  MUS子句=37  涉及cell=24/37
  [274] 总子句=770  MUS子句=91  涉及cell=37/37
  [275] 总子句=756  MUS子句=75  涉及cell=34/37
  [276] 总子句=690  MUS子句=37  涉及cell=24/37
  [277] 总子句=812  MUS子句=17  涉及cell=10/37  ★小核
  [278] 总子句=840  MUS子句=60  涉及cell=32/37
  [279] 总子句=970  MUS子句=63  涉及cell=32/37
  [280] 总子句=900  MUS子句=59  涉及cell=32/37
  [281] 总子句=1136  MUS子句=14  涉及cell=8/37  ★小核
  [282] 总子句=848  MUS子句=60  涉及cell=33/37
  [283] 总子句=870  MUS子句=67  涉及cell=35/37
  [284] 总子句=712  MUS子句=65  涉及cell=32/37
  [285] 总子句=816  MUS子句=66  涉及cell=34/37
  [286] 总子句=814  MUS子句=66  涉及cell=34/37
  [287] 总子句=940  MUS子句=55  涉及cell=30/37
  [288] 总子句=908  MUS子句=42  涉及cell=30/37
  [289] 总子句=760  MUS子句=18  涉及cell=12/37
  [290] 总子句=786  MUS子句=52  涉及cell=31/37
  [291] 总子句=896  MUS子句=78  涉及cell=35/37
  [292] 总子句=980  MUS子句=39  涉及cell=22/37
  [293] 总子句=820  MUS子句=76  涉及cell=34/37
  [294] 总子句=816  MUS子句=60  涉及cell=32/37
  [295] 总子句=684  MUS子句=60  涉及cell=32/37
  [296] 总子句=844  MUS子句=26  涉及cell=18/37
  [297] 总子句=954  MUS子句=52  涉及cell=33/37
  [298] 总子句=878  MUS子句=47  涉及cell=30/37
  [299] 总子句=884  MUS子句=40  涉及cell=27/37

写入 core_mining_random_300_with_edges.json
MUS 涉及 cell 数：min=4 max=37 均值=28.3 中位数=31
