round=10 elapsed=0.7s
round=20 elapsed=1.1s
round=30 elapsed=1.5s
round=40 elapsed=1.8s
round=50 elapsed=2.2s
round=60 elapsed=2.6s
round=70 elapsed=3.0s
round=80 elapsed=3.4s
round=90 elapsed=3.7s
round=100 elapsed=4.1s
round=110 elapsed=4.5s
round=120 elapsed=4.9s
round=130 elapsed=5.3s
round=140 elapsed=5.6s
round=150 elapsed=6.0s
round=160 elapsed=6.4s
round=170 elapsed=6.8s
round=180 elapsed=7.2s
round=190 elapsed=7.6s
round=200 elapsed=7.9s
round=210 elapsed=8.3s
round=220 elapsed=8.7s
round=230 elapsed=9.1s
round=240 elapsed=9.5s
round=250 elapsed=9.8s
round=260 elapsed=10.2s
round=270 elapsed=10.6s
round=280 elapsed=11.0s
round=290 elapsed=11.4s
round=300 elapsed=11.7s
round=310 elapsed=12.1s
round=320 elapsed=12.5s
round=330 elapsed=12.9s
round=340 elapsed=13.3s
round=350 elapsed=13.7s
round=360 elapsed=14.0s
round=370 elapsed=14.4s
round=380 elapsed=14.8s
round=390 elapsed=15.2s
round=400 elapsed=15.6s
round=410 elapsed=15.9s
round=420 elapsed=16.3s
round=430 elapsed=16.7s
round=440 elapsed=17.1s
round=450 elapsed=17.5s
round=460 elapsed=17.8s
round=470 elapsed=18.2s
round=480 elapsed=18.6s
round=490 elapsed=19.0s
round=500 elapsed=19.4s
round=510 elapsed=19.8s
round=520 elapsed=20.1s
round=530 elapsed=20.5s
round=540 elapsed=20.9s
round=550 elapsed=21.3s
round=560 elapsed=21.7s
round=570 elapsed=22.1s
round=580 elapsed=22.4s
round=590 elapsed=22.8s
round=600 elapsed=23.2s
round=610 elapsed=23.6s
round=620 elapsed=24.0s
round=630 elapsed=24.3s
round=640 elapsed=24.7s
round=650 elapsed=25.1s
round=660 elapsed=25.5s
round=670 elapsed=25.9s
round=680 elapsed=26.3s
round=690 elapsed=26.6s
round=700 elapsed=27.0s
round=710 elapsed=27.4s
round=720 elapsed=27.8s
round=730 elapsed=28.2s
round=740 elapsed=28.6s
round=750 elapsed=28.9s
round=760 elapsed=29.3s
round=770 elapsed=29.7s
round=780 elapsed=30.1s
round=790 elapsed=30.5s
round=800 elapsed=30.9s
round=810 elapsed=31.2s
round=820 elapsed=31.6s
round=830 elapsed=32.0s
round=840 elapsed=32.4s
round=850 elapsed=32.8s
round=860 elapsed=33.2s
round=870 elapsed=33.5s
round=880 elapsed=33.9s
round=890 elapsed=34.3s
round=900 elapsed=34.7s
round=910 elapsed=35.1s
round=920 elapsed=35.5s
round=930 elapsed=35.8s
round=940 elapsed=36.2s
round=950 elapsed=36.6s
round=960 elapsed=37.0s
round=970 elapsed=37.4s
round=980 elapsed=37.7s
round=990 elapsed=38.1s
round=1000 elapsed=38.5s
round=1010 elapsed=38.9s
round=1020 elapsed=39.3s
round=1030 elapsed=39.7s
round=1040 elapsed=40.0s
round=1050 elapsed=40.4s
round=1060 elapsed=40.8s
round=1070 elapsed=41.2s
round=1080 elapsed=41.6s
round=1090 elapsed=42.0s
round=1100 elapsed=42.3s
round=1110 elapsed=42.7s
round=1120 elapsed=43.1s
round=1130 elapsed=43.5s
round=1140 elapsed=43.9s
round=1150 elapsed=44.2s
round=1160 elapsed=44.6s
round=1170 elapsed=45.0s
round=1180 elapsed=45.4s
round=1190 elapsed=45.8s
round=1200 elapsed=46.2s
round=1210 elapsed=46.5s
round=1220 elapsed=46.9s
round=1230 elapsed=47.3s
round=1240 elapsed=47.7s
round=1250 elapsed=48.1s
round=1260 elapsed=48.5s
round=1270 elapsed=48.8s
round=1280 elapsed=49.2s
round=1290 elapsed=49.6s
round=1300 elapsed=50.0s
round=1310 elapsed=50.4s
round=1320 elapsed=50.8s
round=1330 elapsed=51.1s
round=1340 elapsed=51.5s
round=1350 elapsed=51.9s
round=1360 elapsed=52.3s
round=1370 elapsed=52.7s
round=1380 elapsed=53.0s
round=1390 elapsed=53.4s
round=1400 elapsed=53.8s
round=1410 elapsed=54.2s
round=1420 elapsed=54.6s
round=1430 elapsed=55.0s
round=1440 elapsed=55.4s
round=1450 elapsed=55.7s
round=1460 elapsed=56.1s
round=1470 elapsed=56.5s
round=1480 elapsed=56.9s
round=1490 elapsed=57.3s
round=1500 elapsed=57.7s
round=1510 elapsed=58.0s
round=1520 elapsed=58.4s
round=1530 elapsed=58.8s
round=1540 elapsed=59.2s
round=1550 elapsed=59.6s
round=1560 elapsed=60.0s
round=1570 elapsed=60.3s
round=1580 elapsed=60.7s
round=1590 elapsed=61.1s
round=1600 elapsed=61.5s
round=1610 elapsed=61.9s
round=1620 elapsed=62.3s
round=1630 elapsed=62.6s
round=1640 elapsed=63.0s
round=1650 elapsed=63.4s
round=1660 elapsed=63.8s
round=1670 elapsed=64.2s
round=1680 elapsed=64.6s
round=1690 elapsed=64.9s
round=1700 elapsed=65.3s
round=1710 elapsed=65.7s
round=1720 elapsed=66.1s
round=1730 elapsed=66.5s
round=1740 elapsed=66.9s
round=1750 elapsed=67.3s
round=1760 elapsed=67.6s
round=1770 elapsed=68.0s
round=1780 elapsed=68.4s
round=1790 elapsed=68.8s
round=1800 elapsed=69.2s
round=1810 elapsed=69.6s
round=1820 elapsed=69.9s
round=1830 elapsed=70.3s
round=1840 elapsed=70.7s
round=1850 elapsed=71.1s
round=1860 elapsed=71.5s
round=1870 elapsed=71.9s
round=1880 elapsed=72.3s
round=1890 elapsed=72.6s
round=1900 elapsed=73.0s
round=1910 elapsed=73.4s
round=1920 elapsed=73.8s
round=1930 elapsed=74.2s
round=1940 elapsed=74.6s
round=1950 elapsed=74.9s
round=1960 elapsed=75.3s
round=1970 elapsed=75.7s
round=1980 elapsed=76.1s
round=1990 elapsed=76.5s
round=2000 elapsed=76.9s
round=2010 elapsed=77.2s
round=2020 elapsed=77.6s
round=2030 elapsed=78.0s
round=2040 elapsed=78.4s
round=2050 elapsed=78.8s
round=2060 elapsed=79.2s
round=2070 elapsed=79.5s
round=2080 elapsed=79.9s
round=2090 elapsed=80.3s
round=2100 elapsed=80.7s
round=2110 elapsed=81.1s
round=2120 elapsed=81.5s
round=2130 elapsed=81.8s
round=2140 elapsed=82.2s
round=2150 elapsed=82.6s
round=2160 elapsed=83.0s
round=2170 elapsed=83.4s
round=2180 elapsed=83.8s
round=2190 elapsed=84.1s
round=2200 elapsed=84.5s
round=2210 elapsed=84.9s
round=2220 elapsed=85.3s
round=2230 elapsed=85.7s
round=2240 elapsed=86.1s
round=2250 elapsed=86.5s
round=2260 elapsed=86.8s
round=2270 elapsed=87.2s
round=2280 elapsed=87.6s
round=2290 elapsed=88.0s
round=2300 elapsed=88.4s
round=2310 elapsed=88.8s
round=2320 elapsed=89.1s
round=2330 elapsed=89.5s
round=2340 elapsed=89.9s
mode=mine m=37 threads=16384 grid=64 target=90s seed=987654321
rounds=2343 elapsed=90.0s best_bad=1073741824 found=0 total_configs=38387712
bad_hist (bin:count [avg_heat, avg_x, avg_s]):
  264:          1   [0.0278, 244.00, 20.00]
  272:          1   [0.0417, 240.00, 32.00]
  276:          1   [0.0602, 256.00, 20.00]
  280:          6   [0.0262, 245.33, 34.67]
  284:         10   [0.0343, 245.60, 38.40]
  288:          8   [0.0318, 257.00, 31.00]
  292:          9   [0.0273, 266.67, 25.33]
  296:         21   [0.0331, 262.29, 33.71]
  300:         25   [0.0309, 264.48, 35.52]
  304:         50   [0.0336, 268.48, 35.52]
  308:         83   [0.0292, 274.31, 33.69]
  312:        108   [0.0315, 278.67, 33.33]
  316:        142   [0.0307, 279.97, 36.03]
  320:        205   [0.0300, 284.27, 35.73]
  324:        304   [0.0311, 287.24, 36.76]
  328:        453   [0.0309, 289.97, 38.03]
  332:        626   [0.0308, 293.41, 38.59]
  336:        835   [0.0315, 297.48, 38.52]
  340:       1221   [0.0310, 300.61, 39.39]
  344:       1543   [0.0313, 304.18, 39.82]
  348:       2176   [0.0310, 307.62, 40.38]
  352:       2672   [0.0308, 310.78, 41.22]
  356:       3636   [0.0305, 314.04, 41.96]
  360:       4740   [0.0310, 317.16, 42.84]
  364:       5914   [0.0307, 321.03, 42.97]
  368:       7452   [0.0304, 324.28, 43.72]
  372:       9437   [0.0307, 327.35, 44.65]
  376:      11821   [0.0307, 331.18, 44.82]
  380:      14465   [0.0306, 334.14, 45.86]
  384:      17913   [0.0306, 337.41, 46.59]
  388:      21927   [0.0304, 341.07, 46.93]
  392:      26437   [0.0302, 344.21, 47.79]
  396:      31649   [0.0303, 347.52, 48.48]
  400:      37694   [0.0303, 350.87, 49.13]
  404:      44565   [0.0303, 354.23, 49.77]
  408:      52420   [0.0303, 357.59, 50.41]
  412:      60993   [0.0302, 360.79, 51.21]
  416:      71510   [0.0301, 364.22, 51.78]
  420:      82217   [0.0300, 367.53, 52.47]
  424:      94306   [0.0300, 370.86, 53.14]
  428:     107331   [0.0300, 374.00, 54.00]
  432:     121737   [0.0299, 377.35, 54.65]
  436:     137004   [0.0298, 380.60, 55.40]
  440:     152498   [0.0297, 383.88, 56.12]
  444:     170343   [0.0296, 387.18, 56.82]
  448:     189495   [0.0296, 390.45, 57.55]
  452:     208463   [0.0295, 393.66, 58.34]
  456:     228622   [0.0295, 396.91, 59.09]
  460:     249774   [0.0294, 400.15, 59.85]
  464:     271345   [0.0293, 403.46, 60.54]
  468:     293854   [0.0293, 406.68, 61.32]
  472:     317826   [0.0292, 409.88, 62.12]
  476:     339741   [0.0291, 413.09, 62.91]
  480:     363491   [0.0290, 416.34, 63.66]
  484:     387808   [0.0290, 419.52, 64.48]
  488:     408812   [0.0290, 422.75, 65.25]
  492:     432803   [0.0289, 425.96, 66.04]
  496:     456110   [0.0288, 429.22, 66.78]
  500:     478766   [0.0287, 432.37, 67.63]
  504:     500882   [0.0287, 435.59, 68.41]
  508:     520148   [0.0286, 438.73, 69.27]
  512:     540800   [0.0285, 442.00, 70.00]
  516:     560993   [0.0284, 445.12, 70.88]
  520:     577760   [0.0284, 448.31, 71.69]
  524:     594061   [0.0283, 451.42, 72.58]
  528:     610740   [0.0282, 454.68, 73.32]
  532:     623009   [0.0281, 457.78, 74.22]
  536:     635920   [0.0281, 460.89, 75.11]
  540:     646968   [0.0280, 464.16, 75.84]
  544:     655803   [0.0279, 467.26, 76.74]
  548:     665985   [0.0279, 470.38, 77.62]
  552:     671011   [0.0278, 473.52, 78.48]
  556:     674795   [0.0277, 476.73, 79.27]
  560:     678271   [0.0276, 479.86, 80.14]
  564:     681042   [0.0275, 482.93, 81.07]
  568:     680526   [0.0275, 486.04, 81.96]
  572:     678424   [0.0274, 489.19, 82.81]
  576:     676204   [0.0273, 492.28, 83.72]
  580:     672434   [0.0272, 495.40, 84.60]
  584:     667389   [0.0272, 498.43, 85.57]
  588:     660045   [0.0271, 501.54, 86.46]
  592:     653156   [0.0270, 504.70, 87.30]
  596:     644663   [0.0269, 507.79, 88.21]
  600:     633652   [0.0269, 510.87, 89.13]
  604:     625114   [0.0268, 513.88, 90.12]
  608:     611051   [0.0267, 517.03, 90.97]
  612:     601584   [0.0267, 520.14, 91.86]
  616:     590310   [0.0266, 523.15, 92.85]
  620:     575590   [0.0265, 526.20, 93.80]
  624:     562189   [0.0265, 529.29, 94.71]
  628:     546639   [0.0264, 532.37, 95.63]
  632:     532028   [0.0263, 535.40, 96.60]
  636:     517409   [0.0262, 538.52, 97.48]
  640:     501160   [0.0262, 541.41, 98.59]
  644:     487641   [0.0261, 544.51, 99.49]
  648:     472190   [0.0260, 547.58, 100.42]
  652:     456785   [0.0260, 550.59, 101.41]
  656:     440999   [0.0259, 553.71, 102.29]
  660:     426273   [0.0259, 556.80, 103.20]
  664:     411351   [0.0258, 559.71, 104.29]
  668:     394860   [0.0257, 562.81, 105.19]
  672:     381463   [0.0256, 565.62, 106.38]
  676:     366411   [0.0256, 568.71, 107.29]
  680:     351859   [0.0255, 571.86, 108.14]
  684:     337589   [0.0255, 574.84, 109.16]
  688:     324007   [0.0254, 577.71, 110.29]
  692:     309866   [0.0253, 580.62, 111.38]
  696:     295909   [0.0253, 583.85, 112.15]
  700:     284339   [0.0252, 586.84, 113.16]
  704:     271930   [0.0252, 589.81, 114.19]
  708:     259096   [0.0251, 592.58, 115.42]
  712:     246935   [0.0250, 595.69, 116.31]
  716:     236174   [0.0250, 598.67, 117.33]
  720:     224888   [0.0249, 601.57, 118.43]
  724:     214896   [0.0248, 604.56, 119.44]
  728:     204083   [0.0248, 607.49, 120.51]
  732:     194828   [0.0247, 610.34, 121.66]
  736:     184477   [0.0247, 613.32, 122.68]
  740:     175988   [0.0247, 616.17, 123.83]
  744:     166616   [0.0246, 619.45, 124.55]
  748:     158064   [0.0245, 622.49, 125.51]
  752:     150097   [0.0245, 625.17, 126.83]
  756:     141516   [0.0244, 628.00, 128.00]
  760:     135422   [0.0244, 630.95, 129.05]
  764:     128107   [0.0243, 633.80, 130.20]
  768:     121898   [0.0243, 636.51, 131.49]
  772:     114047   [0.0243, 639.49, 132.51]
  776:     108589   [0.0242, 642.51, 133.49]
  780:     102911   [0.0242, 645.52, 134.48]
  784:      97753   [0.0242, 648.20, 135.80]
  788:      91323   [0.0240, 650.72, 137.28]
  792:      86529   [0.0240, 653.79, 138.21]
  796:      81936   [0.0240, 656.85, 139.15]
  800:      77510   [0.0239, 660.12, 139.88]
  804:      73424   [0.0239, 662.34, 141.66]
  808:      69183   [0.0239, 665.59, 142.41]
  812:      65149   [0.0238, 668.30, 143.70]
  816:      61770   [0.0238, 671.18, 144.82]
  820:      58533   [0.0236, 674.27, 145.73]
  824:      54866   [0.0238, 677.36, 146.64]
  828:      51837   [0.0237, 680.49, 147.51]
  832:      48796   [0.0235, 682.75, 149.25]
  836:      45776   [0.0236, 685.78, 150.22]
  840:      43795   [0.0236, 688.50, 151.50]
  844:      40904   [0.0235, 691.35, 152.65]
  848:      38472   [0.0234, 694.39, 153.61]
  852:      36535   [0.0234, 696.73, 155.27]
  856:      34143   [0.0233, 700.15, 155.85]
  860:      31829   [0.0233, 702.79, 157.21]
  864:      30471   [0.0234, 706.21, 157.79]
  868:      28206   [0.0233, 709.00, 159.00]
  872:      26706   [0.0233, 710.13, 161.87]
  876:      25134   [0.0231, 713.24, 162.76]
  880:      23700   [0.0231, 716.77, 163.23]
  884:      22505   [0.0233, 719.20, 164.80]
  888:      20924   [0.0231, 721.37, 166.63]
  892:      19690   [0.0231, 725.77, 166.23]
  896:      18690   [0.0230, 728.50, 167.50]
  900:      17631   [0.0229, 730.19, 169.81]
  904:      16420   [0.0229, 731.77, 172.23]
  908:      15517   [0.0232, 735.17, 172.83]
  912:      14784   [0.0231, 738.40, 173.60]
  916:      13758   [0.0230, 740.17, 175.83]
  920:      13039   [0.0229, 742.55, 177.45]
  924:      12197   [0.0231, 745.33, 178.67]
  928:      11597   [0.0230, 748.53, 179.47]
  932:      10914   [0.0231, 751.64, 180.36]
  936:       9985   [0.0230, 754.29, 181.71]
  940:       9784   [0.0229, 758.03, 181.97]
  944:       9122   [0.0229, 759.41, 184.59]
  948:       8347   [0.0227, 763.52, 184.48]
  952:       7964   [0.0229, 768.31, 183.69]
  956:       7626   [0.0227, 769.00, 187.00]
  960:       7130   [0.0227, 770.06, 189.94]
  964:       6738   [0.0229, 771.04, 192.96]
  968:       6217   [0.0229, 777.40, 190.60]
  972:       6068   [0.0228, 778.67, 193.33]
  976:       5678   [0.0230, 778.94, 197.06]
  980:       5321   [0.0228, 778.05, 201.95]
  984:       4990   [0.0229, 784.19, 199.81]
  988:       4789   [0.0229, 786.73, 201.27]
  992:       4515   [0.0228, 789.19, 202.81]
  996:       4201   [0.0231, 792.13, 203.87]
  1000:       3866   [0.0227, 790.91, 209.09]
  1004:       3718   [0.0227, 793.75, 210.25]
  1008:       3445   [0.0228, 796.54, 211.46]
  1012:       3296   [0.0227, 798.33, 213.67]
  1016:       3120   [0.0229, 798.17, 217.83]
  1020:       2898   [0.0219, 807.60, 212.40]
  1024:       2737   [0.0228, 805.96, 218.04]
  1028:       2696   [0.0229, 813.29, 214.71]
  1032:       2405   [0.0228, 806.40, 225.60]
  1036:       2372   [0.0228, 814.99, 221.01]
  1040:       2103   [0.0223, 817.03, 222.97]
  1044:       2092   [0.0220, 823.25, 220.75]
  1048:       1945   [0.0226, 823.64, 224.36]
  1052:       1847   [0.0225, 824.87, 227.13]
  1056:       1768   [0.0222, 820.31, 235.69]
  1060:       1632   [0.0227, 832.92, 227.08]
  1064:       1597   [0.0223, 830.65, 233.35]
  1068:       1503   [0.0226, 831.40, 236.60]
  1072:       1403   [0.0229, 836.15, 235.85]
  1076:       1255   [0.0228, 837.59, 238.41]
  1080:       1240   [0.0229, 841.27, 238.73]
  1084:       1306   [0.0225, 834.47, 249.53]
  1088:       1075   [0.0232, 849.09, 238.91]
  1092:       1003   [0.0225, 854.98, 237.02]
  1096:       1028   [0.0231, 851.38, 244.62]
  1100:        917   [0.0225, 855.69, 244.31]
  1104:        930   [0.0232, 856.09, 247.91]
  1108:        888   [0.0231, 859.34, 248.66]
  1112:        806   [0.0222, 861.01, 250.99]
  1116:        747   [0.0224, 885.11, 230.89]
  1120:        678   [0.0226, 879.44, 240.56]
  1124:        625   [0.0228, 867.53, 256.47]
  1128:        653   [0.0233, 878.50, 249.50]
  1132:        613   [0.0228, 876.10, 255.90]
  1136:        544   [0.0233, 883.77, 252.23]
  1140:        533   [0.0230, 876.80, 263.20]
  1144:        555   [0.0222, 874.44, 269.56]
  1148:        477   [0.0229, 883.38, 264.62]
  1152:        463   [0.0223, 886.35, 265.65]
  1156:        444   [0.0221, 889.56, 266.44]
  1160:        426   [0.0234, 891.70, 268.30]
  1164:        380   [0.0226, 896.83, 267.17]
  1168:        344   [0.0217, 901.10, 266.90]
  1172:        371   [0.0226, 897.75, 274.25]
  1176:        334   [0.0231, 908.13, 267.87]
  1180:        332   [0.0229, 914.84, 265.16]
  1184:        286   [0.0224, 909.40, 274.60]
  1188:        299   [0.0223, 904.99, 283.01]
  1192:        282   [0.0234, 906.94, 285.06]
  1196:        216   [0.0230, 899.74, 296.26]
  1200:        224   [0.0227, 883.32, 316.68]
  1204:        227   [0.0236, 930.41, 273.59]
  1208:        217   [0.0227, 918.67, 289.33]
  1212:        196   [0.0228, 924.41, 287.59]
  1216:        181   [0.0228, 905.94, 310.06]
  1220:        198   [0.0233, 910.18, 309.82]
  1224:        187   [0.0214, 899.49, 324.51]
  1228:        172   [0.0226, 914.72, 313.28]
  1232:        159   [0.0222, 914.47, 317.53]
  1236:        150   [0.0214, 922.93, 313.07]
  1240:        139   [0.0227, 919.94, 320.06]
  1244:        147   [0.0234, 923.92, 320.08]
  1248:        142   [0.0227, 918.82, 329.18]
  1252:        111   [0.0236, 905.51, 346.49]
  1256:        123   [0.0233, 886.70, 369.30]
  1260:        105   [0.0237, 945.14, 314.86]
  1264:        116   [0.0230, 896.17, 367.83]
  1268:        103   [0.0230, 861.01, 406.99]
  1272:        105   [0.0230, 919.43, 352.57]
  1276:         93   [0.0222, 898.28, 377.72]
  1280:        103   [0.0228, 897.63, 382.37]
  1284:         93   [0.0234, 918.80, 365.20]
  1288:         84   [0.0227, 926.48, 361.52]
  1292:         72   [0.0227, 847.83, 444.17]
  1296:         89   [0.0243, 904.94, 391.06]
  1300:         69   [0.0256, 802.20, 497.80]
  1304:         87   [0.0262, 889.93, 414.07]
  1308:         79   [0.0246, 901.16, 406.84]
  1312:         65   [0.0235, 877.97, 434.03]
  1316:         70   [0.0252, 890.06, 425.94]
  1320:         76   [0.0236, 967.32, 352.68]
  1324:         68   [0.0222, 893.94, 430.06]
  1328:         47   [0.0232, 891.91, 436.09]
  1332:         55   [0.0260, 977.60, 354.40]
  1336:         57   [0.0249, 903.93, 432.07]
  1340:         48   [0.0234, 909.67, 430.33]
  1344:         46   [0.0233, 954.00, 390.00]
  1348:         61   [0.0237, 880.46, 467.54]
  1352:         46   [0.0263, 835.83, 516.17]
  1356:         55   [0.0224, 917.53, 438.47]
  1360:         52   [0.0239, 922.00, 438.00]
  1364:         31   [0.0278, 1052.65, 311.35]
  1368:         50   [0.0230, 911.44, 456.56]
  1372:         40   [0.0237, 886.20, 485.80]
  1376:         43   [0.0245, 868.47, 507.53]
  1380:         37   [0.0215, 942.92, 437.08]
  1384:         25   [0.0235, 930.40, 453.60]
  1388:         28   [0.0248, 877.00, 511.00]
  1392:         21   [0.0216, 897.52, 494.48]
  1396:         25   [0.0217, 1008.80, 387.20]
  1400:         35   [0.0229, 1026.63, 373.37]
  1404:         25   [0.0250, 929.12, 474.88]
  1408:         26   [0.0235, 991.08, 416.92]
  1412:         27   [0.0288, 916.00, 496.00]
  1416:         21   [0.0267, 862.48, 553.52]
  1420:         22   [0.0242, 976.91, 443.09]
  1424:         25   [0.0256, 1034.24, 389.76]
  1428:         11   [0.0248, 1132.00, 296.00]
  1432:         17   [0.0256, 946.35, 485.65]
  1436:         20   [0.0188, 1015.20, 420.80]
  1440:         24   [0.0222, 1100.17, 339.83]
  1444:         11   [0.0215, 999.27, 444.73]
  1448:         15   [0.0191, 1083.20, 364.80]
  1452:         10   [0.0269, 793.60, 658.40]
  1456:          7   [0.0192, 984.00, 472.00]
  1460:         13   [0.0224, 914.77, 545.23]
  1464:         17   [0.0240, 897.41, 566.59]
  1468:         10   [0.0255, 1155.60, 312.40]
  1472:         16   [0.0182, 1154.00, 318.00]
  1476:         16   [0.0234, 987.50, 488.50]
  1480:         10   [0.0287, 1072.80, 407.20]
  1484:          6   [0.0201, 955.33, 528.67]
  1488:          9   [0.0206, 1118.22, 369.78]
  1492:          8   [0.0145, 1162.00, 330.00]
  1496:         12   [0.0274, 1137.33, 358.67]
  1499:        290   [0.0250, 902.37, 760.86]
best configs (bad, cells):
