round=10 elapsed=5.2s
round=20 elapsed=10.3s
round=30 elapsed=15.4s
round=40 elapsed=20.4s
round=50 elapsed=25.5s
round=60 elapsed=30.6s
round=70 elapsed=35.7s
round=80 elapsed=40.8s
round=90 elapsed=45.9s
round=100 elapsed=51.0s
round=110 elapsed=56.1s
round=120 elapsed=61.2s
round=130 elapsed=66.3s
round=140 elapsed=71.5s
round=150 elapsed=76.5s
round=160 elapsed=81.6s
round=170 elapsed=86.8s
mode=sa m=37 threads=1024 grid=4 target=90s seed=987654321
rounds=177 elapsed=90.4s best_bad=232 found=19 total_configs=0
best configs (bad, cells):
  bad slot 0: (3,18) (7,31) (32,21) (3,9) (7,25) (34,6) (3,6) (29,35) (24,33) (4,21) (5,21) (15,9) (28,18) (11,26) (19,16) (18,30) (19,15) (34,10) (2,26) (7,0) (31,5) (6,2) (19,0) (15,36) (15,24) (30,27) (34,24) (23,12) (19,27) (29,20) (0,1) (6,25) (12,9) (35,32) (36,23) (36,14) (5,29) 
  bad slot 1: (23,10) (9,33) (17,18) (30,28) (0,18) (6,9) (16,13) (25,22) (9,5) (9,14) (27,8) (5,25) (20,35) (15,1) (3,24) (28,19) (18,2) (36,25) (27,1) (20,22) (0,33) (31,3) (25,19) (30,2) (2,33) (11,36) (31,21) (1,20) (33,19) (12,16) (5,29) (26,35) (35,36) (2,27) (11,17) (5,35) (3,3) 
  bad slot 2: (8,31) (33,10) (25,26) (32,29) (10,19) (27,36) (6,27) (29,5) (6,19) (14,33) (15,3) (27,28) (34,1) (12,18) (7,11) (16,1) (33,34) (16,23) (30,22) (3,35) (19,31) (6,13) (23,30) (10,17) (25,32) (4,7) (16,22) (30,11) (13,11) (2,36) (14,20) (2,31) (14,8) (17,16) (0,0) (23,9) (18,1) 
  bad slot 3: (9,0) (16,12) (28,26) (28,23) (28,32) (25,0) (33,35) (7,30) (11,18) (7,11) (14,0) (28,22) (11,8) (10,5) (22,23) (14,2) (20,25) (27,36) (11,19) (25,14) (6,6) (25,17) (4,15) (1,36) (4,34) (15,7) (2,1) (2,31) (32,12) (0,25) (20,32) (2,18) (35,21) (3,30) (34,4) (20,36) (32,1) 
  bad slot 4: (35,33) (4,22) (19,16) (24,14) (12,1) (25,16) (11,21) (4,32) (9,6) (1,25) (19,5) (22,17) (7,8) (15,32) (33,7) (29,22) (34,21) (33,8) (26,2) (4,18) (2,32) (31,22) (5,28) (7,18) (9,18) (16,28) (23,17) (30,33) (30,19) (5,13) (20,23) (26,16) (34,6) (11,15) (20,1) (24,9) (4,35) 
  bad slot 5: (3,21) (0,33) (29,15) (8,33) (8,26) (18,3) (6,31) (29,36) (7,5) (24,22) (4,14) (20,10) (0,30) (35,31) (17,25) (13,7) (26,33) (2,35) (9,35) (1,24) (20,2) (27,2) (14,20) (12,9) (30,32) (26,32) (13,9) (16,31) (5,28) (18,4) (36,7) (11,11) (16,4) (1,4) (25,34) (13,8) (35,27) 
  bad slot 6: (16,27) (16,33) (8,23) (11,1) (15,17) (34,2) (36,16) (1,17) (22,25) (20,16) (5,0) (33,11) (3,2) (11,3) (10,19) (4,14) (31,36) (26,32) (19,35) (21,3) (28,9) (30,9) (1,35) (20,32) (35,13) (9,31) (34,26) (18,14) (29,34) (27,18) (22,27) (2,18) (0,25) (30,20) (5,33) (0,12) (20,6) 
  bad slot 7: (26,20) (17,3) (28,2) (12,30) (8,23) (2,14) (36,20) (0,0) (18,6) (7,14) (23,34) (8,4) (25,19) (3,35) (22,11) (21,19) (31,27) (35,7) (33,0) (20,18) (34,11) (2,10) (1,9) (33,2) (6,9) (31,5) (4,20) (26,13) (25,15) (28,25) (26,8) (27,26) (12,7) (23,22) (10,34) (13,5) (30,36) 
