{"tested": 1, "u": 0, "v": 0, "multiplier": 1, "status": "INFEASIBLE", "constraints": 301, "solve_seconds": 0.07938850001664832}
{"tested": 2, "u": 0, "v": 0, "multiplier": 2, "status": "INFEASIBLE", "constraints": 244, "solve_seconds": 0.08681599999545142}
{"tested": 3, "u": 0, "v": 0, "multiplier": 3, "status": "INFEASIBLE", "constraints": 244, "solve_seconds": 0.08895069995196536}
{"tested": 4, "u": 0, "v": 0, "multiplier": 4, "status": "INFEASIBLE", "constraints": 303, "solve_seconds": 0.08600369998021051}
{"tested": 5, "u": 0, "v": 1, "multiplier": 1, "status": "INFEASIBLE", "constraints": 304, "solve_seconds": 0.07765019999351352}
{"tested": 6, "u": 0, "v": 1, "multiplier": 2, "status": "INFEASIBLE", "constraints": 241, "solve_seconds": 0.08151789999101311}
{"tested": 7, "u": 0, "v": 1, "multiplier": 3, "status": "INFEASIBLE", "constraints": 241, "solve_seconds": 0.06842490000417456}
{"tested": 8, "u": 0, "v": 1, "multiplier": 4, "status": "INFEASIBLE", "constraints": 303, "solve_seconds": 0.0906797000207007}
{"tested": 9, "u": 0, "v": 2, "multiplier": 1, "status": "INFEASIBLE", "constraints": 299, "solve_seconds": 0.08825710002565756}
{"tested": 10, "u": 0, "v": 2, "multiplier": 2, "status": "INFEASIBLE", "constraints": 242, "solve_seconds": 0.07594449998578057}
{"tested": 11, "u": 0, "v": 2, "multiplier": 3, "status": "INFEASIBLE", "constraints": 242, "solve_seconds": 0.08480209996923804}
{"tested": 12, "u": 0, "v": 2, "multiplier": 4, "status": "INFEASIBLE", "constraints": 299, "solve_seconds": 0.07506930001545697}
{"tested": 13, "u": 0, "v": 3, "multiplier": 1, "status": "INFEASIBLE", "constraints": 303, "solve_seconds": 0.07562720001442358}
{"tested": 14, "u": 0, "v": 3, "multiplier": 2, "status": "INFEASIBLE", "constraints": 241, "solve_seconds": 0.0715154999634251}
{"tested": 15, "u": 0, "v": 3, "multiplier": 3, "status": "INFEASIBLE", "constraints": 241, "solve_seconds": 0.07059079996543005}
{"tested": 16, "u": 0, "v": 3, "multiplier": 4, "status": "INFEASIBLE", "constraints": 304, "solve_seconds": 0.059839599998667836}
{"tested": 17, "u": 0, "v": 4, "multiplier": 1, "status": "INFEASIBLE", "constraints": 303, "solve_seconds": 0.07325369998579845}
{"tested": 18, "u": 0, "v": 4, "multiplier": 2, "status": "INFEASIBLE", "constraints": 244, "solve_seconds": 0.07103039999492466}
{"tested": 19, "u": 0, "v": 4, "multiplier": 3, "status": "INFEASIBLE", "constraints": 244, "solve_seconds": 0.07075509999413043}
{"tested": 20, "u": 0, "v": 4, "multiplier": 4, "status": "INFEASIBLE", "constraints": 301, "solve_seconds": 0.08457949996227399}
{"tested": 21, "u": 1, "v": 0, "multiplier": 1, "status": "INFEASIBLE", "constraints": 304, "solve_seconds": 0.0842558000003919}
{"tested": 22, "u": 1, "v": 0, "multiplier": 2, "status": "INFEASIBLE", "constraints": 241, "solve_seconds": 0.06396780000068247}
{"tested": 23, "u": 1, "v": 0, "multiplier": 3, "status": "INFEASIBLE", "constraints": 241, "solve_seconds": 0.07790810003643855}
{"tested": 24, "u": 1, "v": 0, "multiplier": 4, "status": "INFEASIBLE", "constraints": 303, "solve_seconds": 0.08151669998187572}
{"tested": 25, "u": 1, "v": 1, "multiplier": 1, "status": "INFEASIBLE", "constraints": 305, "solve_seconds": 0.0703689000220038}
{"tested": 26, "u": 1, "v": 1, "multiplier": 2, "status": "INFEASIBLE", "constraints": 236, "solve_seconds": 0.06224229995859787}
{"tested": 27, "u": 1, "v": 1, "multiplier": 3, "status": "INFEASIBLE", "constraints": 238, "solve_seconds": 0.07417229999555275}
{"tested": 28, "u": 1, "v": 1, "multiplier": 4, "status": "INFEASIBLE", "constraints": 302, "solve_seconds": 0.07356779999099672}
{"tested": 29, "u": 1, "v": 2, "multiplier": 1, "status": "INFEASIBLE", "constraints": 299, "solve_seconds": 0.07353369996417314}
{"tested": 30, "u": 1, "v": 2, "multiplier": 2, "status": "INFEASIBLE", "constraints": 238, "solve_seconds": 0.07260160002624616}
{"tested": 31, "u": 1, "v": 2, "multiplier": 3, "status": "INFEASIBLE", "constraints": 238, "solve_seconds": 0.12124200002290308}
{"tested": 32, "u": 1, "v": 2, "multiplier": 4, "status": "INFEASIBLE", "constraints": 299, "solve_seconds": 0.0853546999860555}
{"tested": 33, "u": 1, "v": 3, "multiplier": 1, "status": "INFEASIBLE", "constraints": 302, "solve_seconds": 0.0811538000125438}
{"tested": 34, "u": 1, "v": 3, "multiplier": 2, "status": "INFEASIBLE", "constraints": 238, "solve_seconds": 0.07007880002493039}
{"tested": 35, "u": 1, "v": 3, "multiplier": 3, "status": "INFEASIBLE", "constraints": 236, "solve_seconds": 0.06468389998190105}
{"tested": 36, "u": 1, "v": 3, "multiplier": 4, "status": "INFEASIBLE", "constraints": 305, "solve_seconds": 0.06096099998103455}
{"tested": 37, "u": 1, "v": 4, "multiplier": 1, "status": "INFEASIBLE", "constraints": 303, "solve_seconds": 0.05925549997482449}
{"tested": 38, "u": 1, "v": 4, "multiplier": 2, "status": "INFEASIBLE", "constraints": 241, "solve_seconds": 0.05772569996770471}
{"tested": 39, "u": 1, "v": 4, "multiplier": 3, "status": "INFEASIBLE", "constraints": 241, "solve_seconds": 0.0750644999789074}
{"tested": 40, "u": 1, "v": 4, "multiplier": 4, "status": "INFEASIBLE", "constraints": 304, "solve_seconds": 0.07132779998937622}
{"tested": 41, "u": 2, "v": 0, "multiplier": 1, "status": "INFEASIBLE", "constraints": 299, "solve_seconds": 0.0697101999539882}
{"tested": 42, "u": 2, "v": 0, "multiplier": 2, "status": "INFEASIBLE", "constraints": 242, "solve_seconds": 0.0760452999966219}
{"tested": 43, "u": 2, "v": 0, "multiplier": 3, "status": "INFEASIBLE", "constraints": 242, "solve_seconds": 0.056980099994689226}
{"tested": 44, "u": 2, "v": 0, "multiplier": 4, "status": "INFEASIBLE", "constraints": 299, "solve_seconds": 0.07036160002462566}
{"tested": 45, "u": 2, "v": 1, "multiplier": 1, "status": "INFEASIBLE", "constraints": 299, "solve_seconds": 0.06050410005263984}
{"tested": 46, "u": 2, "v": 1, "multiplier": 2, "status": "INFEASIBLE", "constraints": 238, "solve_seconds": 0.06944110000040382}
{"tested": 47, "u": 2, "v": 1, "multiplier": 3, "status": "INFEASIBLE", "constraints": 238, "solve_seconds": 0.08690870000282302}
{"tested": 48, "u": 2, "v": 1, "multiplier": 4, "status": "INFEASIBLE", "constraints": 299, "solve_seconds": 0.0766919000307098}
{"tested": 49, "u": 2, "v": 2, "multiplier": 1, "status": "INFEASIBLE", "constraints": 290, "solve_seconds": 0.07258710003225133}
{"tested": 50, "u": 2, "v": 2, "multiplier": 2, "status": "INFEASIBLE", "constraints": 238, "solve_seconds": 0.07140170002821833}
{"tested": 51, "u": 2, "v": 2, "multiplier": 3, "status": "INFEASIBLE", "constraints": 238, "solve_seconds": 0.0704616000293754}
{"tested": 52, "u": 2, "v": 2, "multiplier": 4, "status": "INFEASIBLE", "constraints": 290, "solve_seconds": 0.07476519996998832}
{"tested": 53, "u": 2, "v": 3, "multiplier": 1, "status": "INFEASIBLE", "constraints": 299, "solve_seconds": 0.08371119998628274}
{"tested": 54, "u": 2, "v": 3, "multiplier": 2, "status": "INFEASIBLE", "constraints": 238, "solve_seconds": 0.06520860001910478}
{"tested": 55, "u": 2, "v": 3, "multiplier": 3, "status": "INFEASIBLE", "constraints": 238, "solve_seconds": 0.07560069998726249}
{"tested": 56, "u": 2, "v": 3, "multiplier": 4, "status": "INFEASIBLE", "constraints": 299, "solve_seconds": 0.05542819999391213}
{"tested": 57, "u": 2, "v": 4, "multiplier": 1, "status": "INFEASIBLE", "constraints": 299, "solve_seconds": 0.07104800001252443}
{"tested": 58, "u": 2, "v": 4, "multiplier": 2, "status": "INFEASIBLE", "constraints": 242, "solve_seconds": 0.06265780003741384}
{"tested": 59, "u": 2, "v": 4, "multiplier": 3, "status": "INFEASIBLE", "constraints": 242, "solve_seconds": 0.05846249999012798}
{"tested": 60, "u": 2, "v": 4, "multiplier": 4, "status": "INFEASIBLE", "constraints": 299, "solve_seconds": 0.06957700004568323}
{"tested": 61, "u": 3, "v": 0, "multiplier": 1, "status": "INFEASIBLE", "constraints": 303, "solve_seconds": 0.08306099998299032}
{"tested": 62, "u": 3, "v": 0, "multiplier": 2, "status": "INFEASIBLE", "constraints": 241, "solve_seconds": 0.07274090003920719}
{"tested": 63, "u": 3, "v": 0, "multiplier": 3, "status": "INFEASIBLE", "constraints": 241, "solve_seconds": 0.07343699998455122}
{"tested": 64, "u": 3, "v": 0, "multiplier": 4, "status": "INFEASIBLE", "constraints": 304, "solve_seconds": 0.06907070003217086}
{"tested": 65, "u": 3, "v": 1, "multiplier": 1, "status": "INFEASIBLE", "constraints": 302, "solve_seconds": 0.058424999995622784}
{"tested": 66, "u": 3, "v": 1, "multiplier": 2, "status": "INFEASIBLE", "constraints": 238, "solve_seconds": 0.059863600006792694}
{"tested": 67, "u": 3, "v": 1, "multiplier": 3, "status": "INFEASIBLE", "constraints": 236, "solve_seconds": 0.07451629999559373}
{"tested": 68, "u": 3, "v": 1, "multiplier": 4, "status": "INFEASIBLE", "constraints": 305, "solve_seconds": 0.0625438999850303}
{"tested": 69, "u": 3, "v": 2, "multiplier": 1, "status": "INFEASIBLE", "constraints": 299, "solve_seconds": 0.08859349996782839}
{"tested": 70, "u": 3, "v": 2, "multiplier": 2, "status": "INFEASIBLE", "constraints": 238, "solve_seconds": 0.05748740001581609}
{"tested": 71, "u": 3, "v": 2, "multiplier": 3, "status": "INFEASIBLE", "constraints": 238, "solve_seconds": 0.06376799999270588}
{"tested": 72, "u": 3, "v": 2, "multiplier": 4, "status": "INFEASIBLE", "constraints": 299, "solve_seconds": 0.07800909999059513}
{"tested": 73, "u": 3, "v": 3, "multiplier": 1, "status": "INFEASIBLE", "constraints": 305, "solve_seconds": 0.08229230000870302}
{"tested": 74, "u": 3, "v": 3, "multiplier": 2, "status": "INFEASIBLE", "constraints": 236, "solve_seconds": 0.07251550001092255}
{"tested": 75, "u": 3, "v": 3, "multiplier": 3, "status": "INFEASIBLE", "constraints": 238, "solve_seconds": 0.07187400001566857}
{"tested": 76, "u": 3, "v": 3, "multiplier": 4, "status": "INFEASIBLE", "constraints": 302, "solve_seconds": 0.08439169998746365}
{"tested": 77, "u": 3, "v": 4, "multiplier": 1, "status": "INFEASIBLE", "constraints": 304, "solve_seconds": 0.07285160000901669}
{"tested": 78, "u": 3, "v": 4, "multiplier": 2, "status": "INFEASIBLE", "constraints": 241, "solve_seconds": 0.08408569998573512}
{"tested": 79, "u": 3, "v": 4, "multiplier": 3, "status": "INFEASIBLE", "constraints": 241, "solve_seconds": 0.10135449998779222}
{"tested": 80, "u": 3, "v": 4, "multiplier": 4, "status": "INFEASIBLE", "constraints": 303, "solve_seconds": 0.08112549997167662}
{"tested": 81, "u": 4, "v": 0, "multiplier": 1, "status": "INFEASIBLE", "constraints": 303, "solve_seconds": 0.07029010000405833}
{"tested": 82, "u": 4, "v": 0, "multiplier": 2, "status": "INFEASIBLE", "constraints": 244, "solve_seconds": 0.06800350005505607}
{"tested": 83, "u": 4, "v": 0, "multiplier": 3, "status": "INFEASIBLE", "constraints": 244, "solve_seconds": 0.0717754999641329}
{"tested": 84, "u": 4, "v": 0, "multiplier": 4, "status": "INFEASIBLE", "constraints": 301, "solve_seconds": 0.06846239999867976}
{"tested": 85, "u": 4, "v": 1, "multiplier": 1, "status": "INFEASIBLE", "constraints": 303, "solve_seconds": 0.0813886999967508}
{"tested": 86, "u": 4, "v": 1, "multiplier": 2, "status": "INFEASIBLE", "constraints": 241, "solve_seconds": 0.06229219998931512}
{"tested": 87, "u": 4, "v": 1, "multiplier": 3, "status": "INFEASIBLE", "constraints": 241, "solve_seconds": 0.06902049999916926}
{"tested": 88, "u": 4, "v": 1, "multiplier": 4, "status": "INFEASIBLE", "constraints": 304, "solve_seconds": 0.07663179998053238}
{"tested": 89, "u": 4, "v": 2, "multiplier": 1, "status": "INFEASIBLE", "constraints": 299, "solve_seconds": 0.06967090000398457}
{"tested": 90, "u": 4, "v": 2, "multiplier": 2, "status": "INFEASIBLE", "constraints": 242, "solve_seconds": 0.07652589998906478}
{"tested": 91, "u": 4, "v": 2, "multiplier": 3, "status": "INFEASIBLE", "constraints": 242, "solve_seconds": 0.06978239997988567}
{"tested": 92, "u": 4, "v": 2, "multiplier": 4, "status": "INFEASIBLE", "constraints": 299, "solve_seconds": 0.07225119997747242}
{"tested": 93, "u": 4, "v": 3, "multiplier": 1, "status": "INFEASIBLE", "constraints": 304, "solve_seconds": 0.07344940002076328}
{"tested": 94, "u": 4, "v": 3, "multiplier": 2, "status": "INFEASIBLE", "constraints": 241, "solve_seconds": 0.07316149998223409}
{"tested": 95, "u": 4, "v": 3, "multiplier": 3, "status": "INFEASIBLE", "constraints": 241, "solve_seconds": 0.06936309998854995}
{"tested": 96, "u": 4, "v": 3, "multiplier": 4, "status": "INFEASIBLE", "constraints": 303, "solve_seconds": 0.08178659999975935}
{"tested": 97, "u": 4, "v": 4, "multiplier": 1, "status": "INFEASIBLE", "constraints": 301, "solve_seconds": 0.07587999996030703}
{"tested": 98, "u": 4, "v": 4, "multiplier": 2, "status": "INFEASIBLE", "constraints": 244, "solve_seconds": 0.07313749997410923}
{"tested": 99, "u": 4, "v": 4, "multiplier": 3, "status": "INFEASIBLE", "constraints": 244, "solve_seconds": 0.05780800001230091}
{"tested": 100, "u": 4, "v": 4, "multiplier": 4, "status": "INFEASIBLE", "constraints": 303, "solve_seconds": 0.07289000001037493}
{
  "summary": true,
  "tested": 100,
  "counts": {
    "INFEASIBLE": 100
  },
  "elapsed_seconds": 9.38750179996714
}
