{"p": 23, "multiplier": 1, "secant_line_count": 123, "forbidden_cell_count": 392, "allowed_cell_count": 92, "row_degrees": [3, 6, 5, 6, 7, 5, 5, 2, 2, 3, 2, 2, 3, 2, 2, 5, 5, 7, 6, 5, 6, 3], "matching_size": 22, "perfect_matching": true}
{"p": 23, "multiplier": 2, "secant_line_count": 137, "forbidden_cell_count": 400, "allowed_cell_count": 84, "row_degrees": [6, 4, 6, 5, 2, 4, 3, 5, 1, 4, 2, 2, 4, 1, 5, 3, 4, 2, 5, 6, 4, 6], "matching_size": 22, "perfect_matching": true}
{"p": 23, "multiplier": 3, "secant_line_count": 135, "forbidden_cell_count": 408, "allowed_cell_count": 76, "row_degrees": [4, 4, 4, 4, 5, 2, 4, 3, 5, 2, 1, 1, 2, 5, 3, 4, 2, 5, 4, 4, 4, 4], "matching_size": 22, "perfect_matching": true}
{"p": 23, "multiplier": 4, "secant_line_count": 145, "forbidden_cell_count": 398, "allowed_cell_count": 86, "row_degrees": [6, 4, 7, 4, 4, 2, 3, 3, 1, 4, 5, 5, 4, 1, 3, 3, 2, 4, 4, 7, 4, 6], "matching_size": 22, "perfect_matching": true}
{"p": 23, "multiplier": 5, "secant_line_count": 149, "forbidden_cell_count": 412, "allowed_cell_count": 72, "row_degrees": [6, 4, 4, 1, 4, 3, 2, 2, 4, 4, 2, 2, 4, 4, 2, 2, 3, 4, 1, 4, 4, 6], "matching_size": 22, "perfect_matching": true}
{"p": 23, "multiplier": 6, "secant_line_count": 143, "forbidden_cell_count": 394, "allowed_cell_count": 90, "row_degrees": [7, 6, 6, 2, 3, 6, 2, 5, 4, 1, 3, 3, 1, 4, 5, 2, 6, 3, 2, 6, 6, 7], "matching_size": 22, "perfect_matching": true}
{"p": 23, "multiplier": 7, "secant_line_count": 157, "forbidden_cell_count": 368, "allowed_cell_count": 116, "row_degrees": [7, 8, 5, 3, 7, 7, 5, 4, 4, 5, 3, 3, 5, 4, 4, 5, 7, 7, 3, 5, 8, 7], "matching_size": 22, "perfect_matching": true}
{"p": 23, "multiplier": 8, "secant_line_count": 143, "forbidden_cell_count": 406, "allowed_cell_count": 78, "row_degrees": [4, 6, 6, 2, 5, 4, 2, 3, 1, 1, 5, 5, 1, 1, 3, 2, 4, 5, 2, 6, 6, 4], "matching_size": 22, "perfect_matching": true}
{"p": 23, "multiplier": 9, "secant_line_count": 153, "forbidden_cell_count": 394, "allowed_cell_count": 90, "row_degrees": [6, 4, 6, 4, 4, 4, 4, 3, 3, 5, 2, 2, 5, 3, 3, 4, 4, 4, 4, 6, 4, 6], "matching_size": 22, "perfect_matching": true}
{"p": 23, "multiplier": 10, "secant_line_count": 129, "forbidden_cell_count": 368, "allowed_cell_count": 116, "row_degrees": [6, 9, 8, 6, 5, 4, 5, 2, 7, 3, 3, 3, 3, 7, 2, 5, 4, 5, 6, 8, 9, 6], "matching_size": 22, "perfect_matching": true}
{"p": 23, "multiplier": 11, "secant_line_count": 151, "forbidden_cell_count": 378, "allowed_cell_count": 106, "row_degrees": [6, 5, 7, 7, 8, 2, 4, 5, 3, 3, 3, 3, 3, 3, 5, 4, 2, 8, 7, 7, 5, 6], "matching_size": 22, "perfect_matching": true}
{"p": 23, "multiplier": 12, "secant_line_count": 151, "forbidden_cell_count": 378, "allowed_cell_count": 106, "row_degrees": [6, 5, 7, 7, 8, 2, 4, 5, 3, 3, 3, 3, 3, 3, 5, 4, 2, 8, 7, 7, 5, 6], "matching_size": 22, "perfect_matching": true}
{"p": 23, "multiplier": 13, "secant_line_count": 129, "forbidden_cell_count": 368, "allowed_cell_count": 116, "row_degrees": [6, 9, 8, 6, 5, 4, 5, 2, 7, 3, 3, 3, 3, 7, 2, 5, 4, 5, 6, 8, 9, 6], "matching_size": 22, "perfect_matching": true}
{"p": 23, "multiplier": 14, "secant_line_count": 153, "forbidden_cell_count": 394, "allowed_cell_count": 90, "row_degrees": [6, 4, 6, 4, 4, 4, 4, 3, 3, 5, 2, 2, 5, 3, 3, 4, 4, 4, 4, 6, 4, 6], "matching_size": 22, "perfect_matching": true}
{"p": 23, "multiplier": 15, "secant_line_count": 143, "forbidden_cell_count": 406, "allowed_cell_count": 78, "row_degrees": [4, 6, 6, 2, 5, 4, 2, 3, 1, 1, 5, 5, 1, 1, 3, 2, 4, 5, 2, 6, 6, 4], "matching_size": 22, "perfect_matching": true}
{"p": 23, "multiplier": 16, "secant_line_count": 157, "forbidden_cell_count": 368, "allowed_cell_count": 116, "row_degrees": [7, 8, 5, 3, 7, 7, 5, 4, 4, 5, 3, 3, 5, 4, 4, 5, 7, 7, 3, 5, 8, 7], "matching_size": 22, "perfect_matching": true}
{"p": 23, "multiplier": 17, "secant_line_count": 143, "forbidden_cell_count": 394, "allowed_cell_count": 90, "row_degrees": [7, 6, 6, 2, 3, 6, 2, 5, 4, 1, 3, 3, 1, 4, 5, 2, 6, 3, 2, 6, 6, 7], "matching_size": 22, "perfect_matching": true}
{"p": 23, "multiplier": 18, "secant_line_count": 149, "forbidden_cell_count": 412, "allowed_cell_count": 72, "row_degrees": [6, 4, 4, 1, 4, 3, 2, 2, 4, 4, 2, 2, 4, 4, 2, 2, 3, 4, 1, 4, 4, 6], "matching_size": 22, "perfect_matching": true}
{"p": 23, "multiplier": 19, "secant_line_count": 145, "forbidden_cell_count": 398, "allowed_cell_count": 86, "row_degrees": [6, 4, 7, 4, 4, 2, 3, 3, 1, 4, 5, 5, 4, 1, 3, 3, 2, 4, 4, 7, 4, 6], "matching_size": 22, "perfect_matching": true}
{"p": 23, "multiplier": 20, "secant_line_count": 135, "forbidden_cell_count": 408, "allowed_cell_count": 76, "row_degrees": [4, 4, 4, 4, 5, 2, 4, 3, 5, 2, 1, 1, 2, 5, 3, 4, 2, 5, 4, 4, 4, 4], "matching_size": 22, "perfect_matching": true}
{"p": 23, "multiplier": 21, "secant_line_count": 137, "forbidden_cell_count": 400, "allowed_cell_count": 84, "row_degrees": [6, 4, 6, 5, 2, 4, 3, 5, 1, 4, 2, 2, 4, 1, 5, 3, 4, 2, 5, 6, 4, 6], "matching_size": 22, "perfect_matching": true}
{"p": 23, "multiplier": 22, "secant_line_count": 123, "forbidden_cell_count": 392, "allowed_cell_count": 92, "row_degrees": [3, 6, 5, 6, 7, 5, 5, 2, 2, 3, 2, 2, 3, 2, 2, 5, 5, 7, 6, 5, 6, 3], "matching_size": 22, "perfect_matching": true}
