{"p": 31, "multiplier": 1, "secant_line_count": 309, "forbidden_cell_count": 748, "allowed_cell_count": 152, "row_degrees": [10, 5, 6, 6, 6, 3, 6, 2, 5, 4, 4, 5, 6, 4, 4, 4, 4, 6, 5, 4, 4, 5, 2, 6, 3, 6, 6, 6, 5, 10], "matching_size": 30, "perfect_matching": true}
{"p": 31, "multiplier": 2, "secant_line_count": 261, "forbidden_cell_count": 818, "allowed_cell_count": 82, "row_degrees": [6, 4, 3, 5, 5, 3, 2, 2, 0, 3, 3, 0, 0, 3, 2, 2, 3, 0, 0, 3, 3, 0, 2, 2, 3, 5, 5, 3, 4, 6], "matching_size": 24, "perfect_matching": false, "hall_rows": [8, 11, 12, 17, 18, 21], "hall_neighbor_columns": [], "hall_deficiency": 6}
{"p": 31, "multiplier": 3, "secant_line_count": 275, "forbidden_cell_count": 750, "allowed_cell_count": 150, "row_degrees": [10, 7, 6, 5, 3, 6, 5, 5, 8, 4, 5, 2, 3, 3, 3, 3, 3, 3, 2, 5, 4, 8, 5, 5, 6, 3, 5, 6, 7, 10], "matching_size": 30, "perfect_matching": true}
{"p": 31, "multiplier": 4, "secant_line_count": 271, "forbidden_cell_count": 806, "allowed_cell_count": 94, "row_degrees": [8, 6, 3, 3, 2, 3, 2, 3, 3, 2, 2, 4, 3, 1, 2, 2, 1, 3, 4, 2, 2, 3, 3, 2, 3, 2, 3, 3, 6, 8], "matching_size": 26, "perfect_matching": false, "hall_rows": [4, 6, 9, 10, 11, 12, 13, 14, 15, 16, 17, 18, 19, 20, 23, 25], "hall_neighbor_columns": [0, 1, 2, 3, 5, 7, 22, 24, 26, 27, 28, 29], "hall_deficiency": 4}
{"p": 31, "multiplier": 5, "secant_line_count": 271, "forbidden_cell_count": 790, "allowed_cell_count": 110, "row_degrees": [4, 6, 8, 5, 6, 3, 2, 2, 3, 5, 1, 1, 3, 2, 4, 4, 2, 3, 1, 1, 5, 3, 2, 2, 3, 6, 5, 8, 6, 4], "matching_size": 30, "perfect_matching": true}
{"p": 31, "multiplier": 6, "secant_line_count": 275, "forbidden_cell_count": 792, "allowed_cell_count": 108, "row_degrees": [9, 6, 3, 3, 3, 2, 4, 6, 2, 1, 3, 3, 3, 2, 4, 4, 2, 3, 3, 3, 1, 2, 6, 4, 2, 3, 3, 3, 6, 9], "matching_size": 30, "perfect_matching": true}
{"p": 31, "multiplier": 7, "secant_line_count": 307, "forbidden_cell_count": 762, "allowed_cell_count": 138, "row_degrees": [10, 4, 5, 6, 4, 5, 5, 3, 4, 6, 0, 4, 6, 3, 4, 4, 3, 6, 4, 0, 6, 4, 3, 5, 5, 4, 6, 5, 4, 10], "matching_size": 28, "perfect_matching": false, "hall_rows": [10, 19], "hall_neighbor_columns": [], "hall_deficiency": 2}
{"p": 31, "multiplier": 8, "secant_line_count": 271, "forbidden_cell_count": 760, "allowed_cell_count": 140, "row_degrees": [8, 5, 6, 5, 4, 6, 5, 6, 5, 3, 3, 1, 6, 3, 4, 4, 3, 6, 1, 3, 3, 5, 6, 5, 6, 4, 5, 6, 5, 8], "matching_size": 30, "perfect_matching": true}
{"p": 31, "multiplier": 9, "secant_line_count": 295, "forbidden_cell_count": 732, "allowed_cell_count": 168, "row_degrees": [8, 6, 7, 6, 7, 7, 6, 6, 1, 4, 9, 3, 3, 10, 1, 1, 10, 3, 3, 9, 4, 1, 6, 6, 7, 7, 6, 7, 6, 8], "matching_size": 28, "perfect_matching": false, "hall_rows": [8, 14, 15, 21], "hall_neighbor_columns": [1, 28], "hall_deficiency": 2}
{"p": 31, "multiplier": 10, "secant_line_count": 289, "forbidden_cell_count": 780, "allowed_cell_count": 120, "row_degrees": [6, 1, 7, 5, 2, 4, 6, 6, 3, 4, 4, 2, 6, 2, 2, 2, 2, 6, 2, 4, 4, 3, 6, 6, 4, 2, 5, 7, 1, 6], "matching_size": 30, "perfect_matching": true}
{"p": 31, "multiplier": 11, "secant_line_count": 267, "forbidden_cell_count": 776, "allowed_cell_count": 124, "row_degrees": [7, 4, 5, 3, 8, 3, 6, 3, 4, 3, 4, 1, 3, 3, 5, 5, 3, 3, 1, 4, 3, 4, 3, 6, 3, 8, 3, 5, 4, 7], "matching_size": 30, "perfect_matching": true}
{"p": 31, "multiplier": 12, "secant_line_count": 261, "forbidden_cell_count": 760, "allowed_cell_count": 140, "row_degrees": [5, 4, 7, 5, 5, 3, 5, 2, 5, 5, 1, 7, 4, 4, 8, 8, 4, 4, 7, 1, 5, 5, 2, 5, 3, 5, 5, 7, 4, 5], "matching_size": 30, "perfect_matching": true}
{"p": 31, "multiplier": 13, "secant_line_count": 275, "forbidden_cell_count": 764, "allowed_cell_count": 136, "row_degrees": [7, 9, 6, 7, 5, 4, 4, 3, 4, 4, 7, 2, 1, 2, 3, 3, 2, 1, 2, 7, 4, 4, 3, 4, 4, 5, 7, 6, 9, 7], "matching_size": 30, "perfect_matching": true}
{"p": 31, "multiplier": 14, "secant_line_count": 241, "forbidden_cell_count": 736, "allowed_cell_count": 164, "row_degrees": [8, 8, 6, 5, 5, 4, 7, 5, 5, 5, 7, 5, 3, 6, 3, 3, 6, 3, 5, 7, 5, 5, 5, 7, 4, 5, 5, 6, 8, 8], "matching_size": 30, "perfect_matching": true}
{"p": 31, "multiplier": 15, "secant_line_count": 243, "forbidden_cell_count": 788, "allowed_cell_count": 112, "row_degrees": [7, 7, 3, 5, 5, 4, 2, 3, 2, 4, 4, 2, 3, 1, 4, 4, 1, 3, 2, 4, 4, 2, 3, 2, 4, 5, 5, 3, 7, 7], "matching_size": 30, "perfect_matching": true}
{"p": 31, "multiplier": 16, "secant_line_count": 243, "forbidden_cell_count": 788, "allowed_cell_count": 112, "row_degrees": [7, 7, 3, 5, 5, 4, 2, 3, 2, 4, 4, 2, 3, 1, 4, 4, 1, 3, 2, 4, 4, 2, 3, 2, 4, 5, 5, 3, 7, 7], "matching_size": 30, "perfect_matching": true}
{"p": 31, "multiplier": 17, "secant_line_count": 241, "forbidden_cell_count": 736, "allowed_cell_count": 164, "row_degrees": [8, 8, 6, 5, 5, 4, 7, 5, 5, 5, 7, 5, 3, 6, 3, 3, 6, 3, 5, 7, 5, 5, 5, 7, 4, 5, 5, 6, 8, 8], "matching_size": 30, "perfect_matching": true}
{"p": 31, "multiplier": 18, "secant_line_count": 275, "forbidden_cell_count": 764, "allowed_cell_count": 136, "row_degrees": [7, 9, 6, 7, 5, 4, 4, 3, 4, 4, 7, 2, 1, 2, 3, 3, 2, 1, 2, 7, 4, 4, 3, 4, 4, 5, 7, 6, 9, 7], "matching_size": 30, "perfect_matching": true}
{"p": 31, "multiplier": 19, "secant_line_count": 261, "forbidden_cell_count": 760, "allowed_cell_count": 140, "row_degrees": [5, 4, 7, 5, 5, 3, 5, 2, 5, 5, 1, 7, 4, 4, 8, 8, 4, 4, 7, 1, 5, 5, 2, 5, 3, 5, 5, 7, 4, 5], "matching_size": 30, "perfect_matching": true}
{"p": 31, "multiplier": 20, "secant_line_count": 267, "forbidden_cell_count": 776, "allowed_cell_count": 124, "row_degrees": [7, 4, 5, 3, 8, 3, 6, 3, 4, 3, 4, 1, 3, 3, 5, 5, 3, 3, 1, 4, 3, 4, 3, 6, 3, 8, 3, 5, 4, 7], "matching_size": 30, "perfect_matching": true}
{"p": 31, "multiplier": 21, "secant_line_count": 289, "forbidden_cell_count": 780, "allowed_cell_count": 120, "row_degrees": [6, 1, 7, 5, 2, 4, 6, 6, 3, 4, 4, 2, 6, 2, 2, 2, 2, 6, 2, 4, 4, 3, 6, 6, 4, 2, 5, 7, 1, 6], "matching_size": 30, "perfect_matching": true}
{"p": 31, "multiplier": 22, "secant_line_count": 295, "forbidden_cell_count": 732, "allowed_cell_count": 168, "row_degrees": [8, 6, 7, 6, 7, 7, 6, 6, 1, 4, 9, 3, 3, 10, 1, 1, 10, 3, 3, 9, 4, 1, 6, 6, 7, 7, 6, 7, 6, 8], "matching_size": 28, "perfect_matching": false, "hall_rows": [8, 14, 15, 21], "hall_neighbor_columns": [1, 28], "hall_deficiency": 2}
{"p": 31, "multiplier": 23, "secant_line_count": 271, "forbidden_cell_count": 760, "allowed_cell_count": 140, "row_degrees": [8, 5, 6, 5, 4, 6, 5, 6, 5, 3, 3, 1, 6, 3, 4, 4, 3, 6, 1, 3, 3, 5, 6, 5, 6, 4, 5, 6, 5, 8], "matching_size": 30, "perfect_matching": true}
{"p": 31, "multiplier": 24, "secant_line_count": 307, "forbidden_cell_count": 762, "allowed_cell_count": 138, "row_degrees": [10, 4, 5, 6, 4, 5, 5, 3, 4, 6, 0, 4, 6, 3, 4, 4, 3, 6, 4, 0, 6, 4, 3, 5, 5, 4, 6, 5, 4, 10], "matching_size": 28, "perfect_matching": false, "hall_rows": [10, 19], "hall_neighbor_columns": [], "hall_deficiency": 2}
{"p": 31, "multiplier": 25, "secant_line_count": 275, "forbidden_cell_count": 792, "allowed_cell_count": 108, "row_degrees": [9, 6, 3, 3, 3, 2, 4, 6, 2, 1, 3, 3, 3, 2, 4, 4, 2, 3, 3, 3, 1, 2, 6, 4, 2, 3, 3, 3, 6, 9], "matching_size": 30, "perfect_matching": true}
{"p": 31, "multiplier": 26, "secant_line_count": 271, "forbidden_cell_count": 790, "allowed_cell_count": 110, "row_degrees": [4, 6, 8, 5, 6, 3, 2, 2, 3, 5, 1, 1, 3, 2, 4, 4, 2, 3, 1, 1, 5, 3, 2, 2, 3, 6, 5, 8, 6, 4], "matching_size": 30, "perfect_matching": true}
{"p": 31, "multiplier": 27, "secant_line_count": 271, "forbidden_cell_count": 806, "allowed_cell_count": 94, "row_degrees": [8, 6, 3, 3, 2, 3, 2, 3, 3, 2, 2, 4, 3, 1, 2, 2, 1, 3, 4, 2, 2, 3, 3, 2, 3, 2, 3, 3, 6, 8], "matching_size": 26, "perfect_matching": false, "hall_rows": [4, 6, 9, 10, 11, 12, 13, 14, 15, 16, 17, 18, 19, 20, 23, 25], "hall_neighbor_columns": [0, 1, 2, 3, 5, 7, 22, 24, 26, 27, 28, 29], "hall_deficiency": 4}
{"p": 31, "multiplier": 28, "secant_line_count": 275, "forbidden_cell_count": 750, "allowed_cell_count": 150, "row_degrees": [10, 7, 6, 5, 3, 6, 5, 5, 8, 4, 5, 2, 3, 3, 3, 3, 3, 3, 2, 5, 4, 8, 5, 5, 6, 3, 5, 6, 7, 10], "matching_size": 30, "perfect_matching": true}
{"p": 31, "multiplier": 29, "secant_line_count": 261, "forbidden_cell_count": 818, "allowed_cell_count": 82, "row_degrees": [6, 4, 3, 5, 5, 3, 2, 2, 0, 3, 3, 0, 0, 3, 2, 2, 3, 0, 0, 3, 3, 0, 2, 2, 3, 5, 5, 3, 4, 6], "matching_size": 24, "perfect_matching": false, "hall_rows": [8, 11, 12, 17, 18, 21], "hall_neighbor_columns": [], "hall_deficiency": 6}
{"p": 31, "multiplier": 30, "secant_line_count": 309, "forbidden_cell_count": 748, "allowed_cell_count": 152, "row_degrees": [10, 5, 6, 6, 6, 3, 6, 2, 5, 4, 4, 5, 6, 4, 4, 4, 4, 6, 5, 4, 4, 5, 2, 6, 3, 6, 6, 6, 5, 10], "matching_size": 30, "perfect_matching": true}
