{"p": 29, "multiplier": 1, "secant_line_count": 228, "forbidden_cell_count": 676, "allowed_cell_count": 108, "row_degrees": [6, 6, 3, 5, 5, 4, 7, 3, 3, 3, 3, 2, 2, 2, 2, 2, 2, 3, 3, 3, 3, 7, 4, 5, 5, 3, 6, 6], "matching_size": 28, "perfect_matching": true}
{"p": 29, "multiplier": 2, "secant_line_count": 244, "forbidden_cell_count": 666, "allowed_cell_count": 118, "row_degrees": [7, 3, 6, 4, 5, 4, 5, 4, 2, 7, 3, 3, 4, 2, 2, 4, 3, 3, 7, 2, 4, 5, 4, 5, 4, 6, 3, 7], "matching_size": 28, "perfect_matching": true}
{"p": 29, "multiplier": 3, "secant_line_count": 226, "forbidden_cell_count": 654, "allowed_cell_count": 130, "row_degrees": [8, 5, 5, 7, 8, 7, 4, 5, 3, 2, 2, 3, 3, 3, 3, 3, 3, 2, 2, 3, 5, 4, 7, 8, 7, 5, 5, 8], "matching_size": 28, "perfect_matching": true}
{"p": 29, "multiplier": 4, "secant_line_count": 264, "forbidden_cell_count": 644, "allowed_cell_count": 140, "row_degrees": [8, 8, 7, 4, 4, 6, 4, 3, 4, 3, 4, 5, 5, 5, 5, 5, 5, 4, 3, 4, 3, 4, 6, 4, 4, 7, 8, 8], "matching_size": 28, "perfect_matching": true}
{"p": 29, "multiplier": 5, "secant_line_count": 226, "forbidden_cell_count": 676, "allowed_cell_count": 108, "row_degrees": [5, 6, 6, 5, 4, 1, 2, 3, 3, 2, 3, 4, 5, 5, 5, 5, 4, 3, 2, 3, 3, 2, 1, 4, 5, 6, 6, 5], "matching_size": 28, "perfect_matching": true}
{"p": 29, "multiplier": 6, "secant_line_count": 240, "forbidden_cell_count": 684, "allowed_cell_count": 100, "row_degrees": [6, 8, 3, 3, 5, 3, 2, 3, 2, 3, 2, 4, 2, 4, 4, 2, 4, 2, 3, 2, 3, 2, 3, 5, 3, 3, 8, 6], "matching_size": 24, "perfect_matching": false, "hall_rows": [6, 7, 8, 9, 10, 11, 12, 15, 16, 17, 18, 19, 20, 21], "hall_neighbor_columns": [0, 1, 2, 3, 4, 23, 24, 25, 26, 27], "hall_deficiency": 4}
{"p": 29, "multiplier": 7, "secant_line_count": 224, "forbidden_cell_count": 664, "allowed_cell_count": 120, "row_degrees": [6, 5, 5, 6, 6, 4, 3, 6, 4, 2, 5, 0, 5, 3, 3, 5, 0, 5, 2, 4, 6, 3, 4, 6, 6, 5, 5, 6], "matching_size": 26, "perfect_matching": false, "hall_rows": [11, 16], "hall_neighbor_columns": [], "hall_deficiency": 2}
{"p": 29, "multiplier": 8, "secant_line_count": 242, "forbidden_cell_count": 672, "allowed_cell_count": 112, "row_degrees": [8, 6, 5, 5, 4, 3, 2, 0, 3, 4, 4, 4, 3, 5, 5, 3, 4, 4, 4, 3, 0, 2, 3, 4, 5, 5, 6, 8], "matching_size": 26, "perfect_matching": false, "hall_rows": [7, 20], "hall_neighbor_columns": [], "hall_deficiency": 2}
{"p": 29, "multiplier": 9, "secant_line_count": 240, "forbidden_cell_count": 680, "allowed_cell_count": 104, "row_degrees": [9, 2, 7, 2, 2, 4, 4, 4, 3, 3, 1, 4, 2, 5, 5, 2, 4, 1, 3, 3, 4, 4, 4, 2, 2, 7, 2, 9], "matching_size": 28, "perfect_matching": true}
{"p": 29, "multiplier": 10, "secant_line_count": 250, "forbidden_cell_count": 642, "allowed_cell_count": 142, "row_degrees": [7, 6, 7, 6, 6, 7, 4, 2, 4, 6, 5, 3, 4, 4, 4, 4, 3, 5, 6, 4, 2, 4, 7, 6, 6, 7, 6, 7], "matching_size": 28, "perfect_matching": true}
{"p": 29, "multiplier": 11, "secant_line_count": 236, "forbidden_cell_count": 672, "allowed_cell_count": 112, "row_degrees": [7, 6, 8, 5, 4, 2, 1, 4, 5, 4, 3, 2, 1, 4, 4, 1, 2, 3, 4, 5, 4, 1, 2, 4, 5, 8, 6, 7], "matching_size": 28, "perfect_matching": true}
{"p": 29, "multiplier": 12, "secant_line_count": 230, "forbidden_cell_count": 650, "allowed_cell_count": 134, "row_degrees": [9, 6, 6, 7, 8, 2, 4, 6, 6, 4, 3, 1, 2, 3, 3, 2, 1, 3, 4, 6, 6, 4, 2, 8, 7, 6, 6, 9], "matching_size": 28, "perfect_matching": true}
{"p": 29, "multiplier": 13, "secant_line_count": 230, "forbidden_cell_count": 644, "allowed_cell_count": 140, "row_degrees": [8, 6, 5, 4, 6, 5, 6, 4, 3, 7, 3, 5, 4, 4, 4, 4, 5, 3, 7, 3, 4, 6, 5, 6, 4, 5, 6, 8], "matching_size": 28, "perfect_matching": true}
{"p": 29, "multiplier": 14, "secant_line_count": 234, "forbidden_cell_count": 650, "allowed_cell_count": 134, "row_degrees": [6, 4, 6, 2, 6, 6, 6, 3, 5, 6, 6, 2, 6, 3, 3, 6, 2, 6, 6, 5, 3, 6, 6, 6, 2, 6, 4, 6], "matching_size": 28, "perfect_matching": true}
{"p": 29, "multiplier": 15, "secant_line_count": 234, "forbidden_cell_count": 650, "allowed_cell_count": 134, "row_degrees": [6, 4, 6, 2, 6, 6, 6, 3, 5, 6, 6, 2, 6, 3, 3, 6, 2, 6, 6, 5, 3, 6, 6, 6, 2, 6, 4, 6], "matching_size": 28, "perfect_matching": true}
{"p": 29, "multiplier": 16, "secant_line_count": 230, "forbidden_cell_count": 644, "allowed_cell_count": 140, "row_degrees": [8, 6, 5, 4, 6, 5, 6, 4, 3, 7, 3, 5, 4, 4, 4, 4, 5, 3, 7, 3, 4, 6, 5, 6, 4, 5, 6, 8], "matching_size": 28, "perfect_matching": true}
{"p": 29, "multiplier": 17, "secant_line_count": 230, "forbidden_cell_count": 650, "allowed_cell_count": 134, "row_degrees": [9, 6, 6, 7, 8, 2, 4, 6, 6, 4, 3, 1, 2, 3, 3, 2, 1, 3, 4, 6, 6, 4, 2, 8, 7, 6, 6, 9], "matching_size": 28, "perfect_matching": true}
{"p": 29, "multiplier": 18, "secant_line_count": 236, "forbidden_cell_count": 672, "allowed_cell_count": 112, "row_degrees": [7, 6, 8, 5, 4, 2, 1, 4, 5, 4, 3, 2, 1, 4, 4, 1, 2, 3, 4, 5, 4, 1, 2, 4, 5, 8, 6, 7], "matching_size": 28, "perfect_matching": true}
{"p": 29, "multiplier": 19, "secant_line_count": 250, "forbidden_cell_count": 642, "allowed_cell_count": 142, "row_degrees": [7, 6, 7, 6, 6, 7, 4, 2, 4, 6, 5, 3, 4, 4, 4, 4, 3, 5, 6, 4, 2, 4, 7, 6, 6, 7, 6, 7], "matching_size": 28, "perfect_matching": true}
{"p": 29, "multiplier": 20, "secant_line_count": 240, "forbidden_cell_count": 680, "allowed_cell_count": 104, "row_degrees": [9, 2, 7, 2, 2, 4, 4, 4, 3, 3, 1, 4, 2, 5, 5, 2, 4, 1, 3, 3, 4, 4, 4, 2, 2, 7, 2, 9], "matching_size": 28, "perfect_matching": true}
{"p": 29, "multiplier": 21, "secant_line_count": 242, "forbidden_cell_count": 672, "allowed_cell_count": 112, "row_degrees": [8, 6, 5, 5, 4, 3, 2, 0, 3, 4, 4, 4, 3, 5, 5, 3, 4, 4, 4, 3, 0, 2, 3, 4, 5, 5, 6, 8], "matching_size": 26, "perfect_matching": false, "hall_rows": [7, 20], "hall_neighbor_columns": [], "hall_deficiency": 2}
{"p": 29, "multiplier": 22, "secant_line_count": 224, "forbidden_cell_count": 664, "allowed_cell_count": 120, "row_degrees": [6, 5, 5, 6, 6, 4, 3, 6, 4, 2, 5, 0, 5, 3, 3, 5, 0, 5, 2, 4, 6, 3, 4, 6, 6, 5, 5, 6], "matching_size": 26, "perfect_matching": false, "hall_rows": [11, 16], "hall_neighbor_columns": [], "hall_deficiency": 2}
{"p": 29, "multiplier": 23, "secant_line_count": 240, "forbidden_cell_count": 684, "allowed_cell_count": 100, "row_degrees": [6, 8, 3, 3, 5, 3, 2, 3, 2, 3, 2, 4, 2, 4, 4, 2, 4, 2, 3, 2, 3, 2, 3, 5, 3, 3, 8, 6], "matching_size": 24, "perfect_matching": false, "hall_rows": [6, 7, 8, 9, 10, 11, 12, 15, 16, 17, 18, 19, 20, 21], "hall_neighbor_columns": [0, 1, 2, 3, 4, 23, 24, 25, 26, 27], "hall_deficiency": 4}
{"p": 29, "multiplier": 24, "secant_line_count": 226, "forbidden_cell_count": 676, "allowed_cell_count": 108, "row_degrees": [5, 6, 6, 5, 4, 1, 2, 3, 3, 2, 3, 4, 5, 5, 5, 5, 4, 3, 2, 3, 3, 2, 1, 4, 5, 6, 6, 5], "matching_size": 28, "perfect_matching": true}
{"p": 29, "multiplier": 25, "secant_line_count": 264, "forbidden_cell_count": 644, "allowed_cell_count": 140, "row_degrees": [8, 8, 7, 4, 4, 6, 4, 3, 4, 3, 4, 5, 5, 5, 5, 5, 5, 4, 3, 4, 3, 4, 6, 4, 4, 7, 8, 8], "matching_size": 28, "perfect_matching": true}
{"p": 29, "multiplier": 26, "secant_line_count": 226, "forbidden_cell_count": 654, "allowed_cell_count": 130, "row_degrees": [8, 5, 5, 7, 8, 7, 4, 5, 3, 2, 2, 3, 3, 3, 3, 3, 3, 2, 2, 3, 5, 4, 7, 8, 7, 5, 5, 8], "matching_size": 28, "perfect_matching": true}
{"p": 29, "multiplier": 27, "secant_line_count": 244, "forbidden_cell_count": 666, "allowed_cell_count": 118, "row_degrees": [7, 3, 6, 4, 5, 4, 5, 4, 2, 7, 3, 3, 4, 2, 2, 4, 3, 3, 7, 2, 4, 5, 4, 5, 4, 6, 3, 7], "matching_size": 28, "perfect_matching": true}
{"p": 29, "multiplier": 28, "secant_line_count": 228, "forbidden_cell_count": 676, "allowed_cell_count": 108, "row_degrees": [6, 6, 3, 5, 5, 4, 7, 3, 3, 3, 3, 2, 2, 2, 2, 2, 2, 3, 3, 3, 3, 7, 4, 5, 5, 3, 6, 6], "matching_size": 28, "perfect_matching": true}
