[v20_01] 抽取 MUS（1272 子句）...
  MUS 子句=30  涉及 cell=13 cell集=[0, 4, 11, 22, 27, 28, 29, 30, 31, 33, 34, 35, 36]
[v20_02] 抽取 MUS（1398 子句）...
  MUS 子句=32  涉及 cell=15 cell集=[5, 6, 15, 22, 23, 25, 27, 29, 30, 31, 32, 33, 34, 35, 36]
[v20_03] 抽取 MUS（1398 子句）...
  MUS 子句=34  涉及 cell=14 cell集=[6, 9, 19, 22, 25, 28, 29, 30, 31, 32, 33, 34, 35, 36]
[v20_04] 抽取 MUS（1338 子句）...
  MUS 子句=8  涉及 cell=3 cell集=[23, 29, 33]
[v20_05] 抽取 MUS（1386 子句）...
  MUS 子句=16  涉及 cell=7 cell集=[3, 7, 19, 32, 34, 35, 36]
[v20_06] 抽取 MUS（1344 子句）...
  MUS 子句=36  涉及 cell=16 cell集=[14, 15, 18, 22, 23, 24, 25, 28, 29, 30, 31, 32, 33, 34, 35, 36]
{
  "summary": {
    "v20_01": {
      "n_clauses_total": 1272,
      "mus_size": 30,
      "mus_cells": [
        0,
        4,
        11,
        22,
        27,
        28,
        29,
        30,
        31,
        33,
        34,
        35,
        36
      ],
      "mus_cell_count": 13,
      "mus_clauses": [
        [
          [
            [
              27,
              0
            ],
            [
              31,
              1
            ],
            [
              11,
              0
            ]
          ],
          [
            [
              27,
              1
            ],
            [
              31,
              0
            ],
            [
              11,
              1
            ]
          ],
          [
            [
              27,
              0
            ],
            [
              31,
              0
            ],
            [
              22,
              0
            ]
          ],
          [
            [
              27,
              1
            ],
            [
              31,
              1
            ],
            [
              22,
              1
            ]
          ],
          [
            [
              28,
              0
            ],
            [
              30,
              0
            ],
            [
              0,
              1
            ]
          ],
          [
            [
              28,
              0
            ],
            [
              30,
              1
            ],
            [
              0,
              1
            ]
          ],
          [
            [
              28,
              1
            ],
            [
              30,
              0
            ],
            [
              0,
              0
            ]
          ],
          [
            [
              28,
              1
            ],
            [
              30,
              1
            ],
            [
              0,
              0
            ]
          ],
          [
            [
              28,
              0
            ],
            [
              33,
              0
            ],
            [
              4,
              0
            ]
          ],
          [
            [
              28,
              1
            ],
            [
              33,
              1
            ],
            [
              4,
              1
            ]
          ],
          [
            [
              28,
              0
            ],
            [
              34,
              0
            ],
            [
              22,
              0
            ]
          ],
          [
            [
              28,
              1
            ],
            [
              34,
              1
            ],
            [
              22,
              1
            ]
          ],
          [
            [
              28,
              0
            ],
            [
              36,
              0
            ],
            [
              4,
              0
            ]
          ],
          [
            [
              28,
              1
            ],
            [
              36,
              1
            ],
            [
              4,
              1
            ]
          ],
          [
            [
              29,
              0
            ],
            [
              35,
              1
            ],
            [
              0,
              1
            ]
          ],
          [
            [
              29,
              1
            ],
            [
              35,
              0
            ],
            [
              0,
              0
            ]
          ],
          [
            [
              31,
              0
            ],
            [
              35,
              1
            ],
            [
              11,
              0
            ]
          ],
          [
            [
              31,
              1
            ],
            [
              35,
              0
            ],
            [
              11,
              1
            ]
          ],
          [
            [
              31,
              0
            ],
            [
              35,
              0
            ],
            [
              29,
              0
            ]
          ],
          [
            [
              31,
              1
            ],
            [
              35,
              1
            ],
            [
              29,
              1
            ]
          ],
          [
            [
              31,
              0
            ],
            [
              36,
              0
            ],
            [
              4,
              0
            ]
          ],
          [
            [
              31,
              1
            ],
            [
              36,
              1
            ],
            [
              4,
              1
            ]
          ],
          [
            [
              33,
              0
            ],
            [
              35,
              0
            ],
            [
              4,
              0
            ]
          ],
          [
            [
              33,
              1
            ],
            [
              35,
              1
            ],
            [
              4,
              1
            ]
          ],
          [
            [
              33,
              0
            ],
            [
              35,
              1
            ],
            [
              27,
              0
            ]
          ],
          [
            [
              33,
              1
            ],
            [
              35,
              0
            ],
            [
              27,
              1
            ]
          ],
          [
            [
              35,
              0
            ],
            [
              36,
              0
            ],
            [
              33,
              0
            ]
          ],
          [
            [
              35,
              1
            ],
            [
              36,
              1
            ],
            [
              33,
              1
            ]
          ],
          [
            [
              35,
              0
            ],
            [
              36,
              1
            ],
            [
              34,
              0
            ]
          ],
          [
            [
              35,
              1
            ],
            [
              36,
              0
            ],
            [
              34,
              1
            ]
          ]
        ]
      ]
    },
    "v20_02": {
      "n_clauses_total": 1398,
      "mus_size": 32,
      "mus_cells": [
        5,
        6,
        15,
        22,
        23,
        25,
        27,
        29,
        30,
        31,
        32,
        33,
        34,
        35,
        36
      ],
      "mus_cell_count": 15,
      "mus_clauses": [
        [
          [
            [
              29,
              0
            ],
            [
              32,
              1
            ],
            [
              15,
              0
            ]
          ],
          [
            [
              29,
              1
            ],
            [
              32,
              0
            ],
            [
              15,
              1
            ]
          ],
          [
            [
              29,
              0
            ],
            [
              35,
              1
            ],
            [
              22,
              1
            ]
          ],
          [
            [
              29,
              1
            ],
            [
              35,
              0
            ],
            [
              22,
              0
            ]
          ],
          [
            [
              30,
              0
            ],
            [
              35,
              1
            ],
            [
              27,
              0
            ]
          ],
          [
            [
              30,
              1
            ],
            [
              35,
              0
            ],
            [
              27,
              1
            ]
          ],
          [
            [
              31,
              0
            ],
            [
              34,
              1
            ],
            [
              6,
              1
            ]
          ],
          [
            [
              31,
              1
            ],
            [
              34,
              0
            ],
            [
              6,
              0
            ]
          ],
          [
            [
              31,
              0
            ],
            [
              34,
              0
            ],
            [
              23,
              1
            ]
          ],
          [
            [
              31,
              1
            ],
            [
              34,
              1
            ],
            [
              23,
              0
            ]
          ],
          [
            [
              32,
              0
            ],
            [
              33,
              0
            ],
            [
              30,
              0
            ]
          ],
          [
            [
              32,
              1
            ],
            [
              33,
              1
            ],
            [
              30,
              1
            ]
          ],
          [
            [
              32,
              0
            ],
            [
              35,
              1
            ],
            [
              6,
              0
            ]
          ],
          [
            [
              32,
              1
            ],
            [
              35,
              0
            ],
            [
              6,
              1
            ]
          ],
          [
            [
              32,
              0
            ],
            [
              35,
              1
            ],
            [
              22,
              0
            ]
          ],
          [
            [
              32,
              1
            ],
            [
              35,
              0
            ],
            [
              22,
              1
            ]
          ],
          [
            [
              32,
              0
            ],
            [
              36,
              1
            ],
            [
              5,
              0
            ]
          ],
          [
            [
              32,
              1
            ],
            [
              36,
              0
            ],
            [
              5,
              1
            ]
          ],
          [
            [
              33,
              0
            ],
            [
              34,
              1
            ],
            [
              15,
              1
            ]
          ],
          [
            [
              33,
              1
            ],
            [
              34,
              0
            ],
            [
              15,
              0
            ]
          ],
          [
            [
              33,
              0
            ],
            [
              35,
              1
            ],
            [
              25,
              0
            ]
          ],
          [
            [
              33,
              0
            ],
            [
              35,
              1
            ],
            [
              25,
              1
            ]
          ],
          [
            [
              33,
              1
            ],
            [
              35,
              0
            ],
            [
              25,
              0
            ]
          ],
          [
            [
              33,
              1
            ],
            [
              35,
              0
            ],
            [
              25,
              1
            ]
          ],
          [
            [
              34,
              0
            ],
            [
              35,
              0
            ],
            [
              5,
              1
            ]
          ],
          [
            [
              34,
              1
            ],
            [
              35,
              1
            ],
            [
              5,
              0
            ]
          ],
          [
            [
              34,
              0
            ],
            [
              35,
              1
            ],
            [
              27,
              1
            ]
          ],
          [
            [
              34,
              1
            ],
            [
              35,
              0
            ],
            [
              27,
              0
            ]
          ],
          [
            [
              35,
              0
            ],
            [
              36,
              1
            ],
            [
              23,
              0
            ]
          ],
          [
            [
              35,
              1
            ],
            [
              36,
              0
            ],
            [
              23,
              1
            ]
          ],
          [
            [
              35,
              0
            ],
            [
              36,
              0
            ],
            [
              33,
              0
            ]
          ],
          [
            [
              35,
              1
            ],
            [
              36,
              1
            ],
            [
              33,
              1
            ]
          ]
        ]
      ]
    },
    "v20_03": {
      "n_clauses_total": 1398,
      "mus_size": 34,
      "mus_cells": [
        6,
        9,
        19,
        22,
        25,
        28,
        29,
        30,
        31,
        32,
        33,
        34,
        35,
        36
      ],
      "mus_cell_count": 14,
      "mus_clauses": [
        [
          [
            [
              25,
              0
            ],
            [
              32,
              0
            ],
            [
              19,
              0
            ]
          ],
          [
            [
              25,
              1
            ],
            [
              32,
              1
            ],
            [
              19,
              1
            ]
          ],
          [
            [
              28,
              0
            ],
            [
              31,
              0
            ],
            [
              19,
              0
            ]
          ],
          [
            [
              28,
              1
            ],
            [
              31,
              1
            ],
            [
              19,
              1
            ]
          ],
          [
            [
              28,
              0
            ],
            [
              36,
              0
            ],
            [
              9,
              0
            ]
          ],
          [
            [
              28,
              1
            ],
            [
              36,
              1
            ],
            [
              9,
              1
            ]
          ],
          [
            [
              29,
              0
            ],
            [
              34,
              1
            ],
            [
              6,
              1
            ]
          ],
          [
            [
              29,
              1
            ],
            [
              34,
              0
            ],
            [
              6,
              0
            ]
          ],
          [
            [
              30,
              0
            ],
            [
              31,
              0
            ],
            [
              6,
              0
            ]
          ],
          [
            [
              30,
              0
            ],
            [
              31,
              1
            ],
            [
              6,
              1
            ]
          ],
          [
            [
              30,
              1
            ],
            [
              31,
              0
            ],
            [
              6,
              0
            ]
          ],
          [
            [
              30,
              1
            ],
            [
              31,
              1
            ],
            [
              6,
              1
            ]
          ],
          [
            [
              31,
              0
            ],
            [
              36,
              1
            ],
            [
              29,
              0
            ]
          ],
          [
            [
              31,
              1
            ],
            [
              36,
              0
            ],
            [
              29,
              1
            ]
          ],
          [
            [
              32,
              0
            ],
            [
              33,
              0
            ],
            [
              28,
              0
            ]
          ],
          [
            [
              32,
              1
            ],
            [
              33,
              1
            ],
            [
              28,
              1
            ]
          ],
          [
            [
              32,
              0
            ],
            [
              35,
              1
            ],
            [
              22,
              0
            ]
          ],
          [
            [
              32,
              1
            ],
            [
              35,
              0
            ],
            [
              22,
              1
            ]
          ],
          [
            [
              33,
              0
            ],
            [
              36,
              0
            ],
            [
              19,
              0
            ]
          ],
          [
            [
              33,
              1
            ],
            [
              36,
              1
            ],
            [
              19,
              1
            ]
          ],
          [
            [
              34,
              0
            ],
            [
              35,
              1
            ],
            [
              9,
              0
            ]
          ],
          [
            [
              34,
              1
            ],
            [
              35,
              0
            ],
            [
              9,
              1
            ]
          ],
          [
            [
              34,
              0
            ],
            [
              35,
              0
            ],
            [
              22,
              0
            ]
          ],
          [
            [
              34,
              1
            ],
            [
              35,
              1
            ],
            [
              22,
              1
            ]
          ],
          [
            [
              34,
              0
            ],
            [
              35,
              0
            ],
            [
              29,
              1
            ]
          ],
          [
            [
              34,
              0
            ],
            [
              35,
              1
            ],
            [
              29,
              0
            ]
          ],
          [
            [
              34,
              1
            ],
            [
              35,
              0
            ],
            [
              29,
              1
            ]
          ],
          [
            [
              34,
              1
            ],
            [
              35,
              1
            ],
            [
              29,
              0
            ]
          ],
          [
            [
              34,
              0
            ],
            [
              36,
              1
            ],
            [
              25,
              0
            ]
          ],
          [
            [
              34,
              1
            ],
            [
              36,
              0
            ],
            [
              25,
              1
            ]
          ],
          [
            [
              34,
              0
            ],
            [
              36,
              0
            ],
            [
              32,
              0
            ]
          ],
          [
            [
              34,
              1
            ],
            [
              36,
              1
            ],
            [
              32,
              1
            ]
          ],
          [
            [
              35,
              0
            ],
            [
              36,
              1
            ],
            [
              31,
              1
            ]
          ],
          [
            [
              35,
              1
            ],
            [
              36,
              0
            ],
            [
              31,
              0
            ]
          ]
        ]
      ]
    },
    "v20_04": {
      "n_clauses_total": 1338,
      "mus_size": 8,
      "mus_cells": [
        23,
        29,
        33
      ],
      "mus_cell_count": 3,
      "mus_clauses": [
        [
          [
            [
              29,
              0
            ],
            [
              33,
              0
            ],
            [
              23,
              0
            ]
          ],
          [
            [
              29,
              0
            ],
            [
              33,
              0
            ],
            [
              23,
              1
            ]
          ],
          [
            [
              29,
              0
            ],
            [
              33,
              1
            ],
            [
              23,
              0
            ]
          ],
          [
            [
              29,
              0
            ],
            [
              33,
              1
            ],
            [
              23,
              1
            ]
          ],
          [
            [
              29,
              1
            ],
            [
              33,
              0
            ],
            [
              23,
              0
            ]
          ],
          [
            [
              29,
              1
            ],
            [
              33,
              0
            ],
            [
              23,
              1
            ]
          ],
          [
            [
              29,
              1
            ],
            [
              33,
              1
            ],
            [
              23,
              0
            ]
          ],
          [
            [
              29,
              1
            ],
            [
              33,
              1
            ],
            [
              23,
              1
            ]
          ]
        ]
      ]
    },
    "v20_05": {
      "n_clauses_total": 1386,
      "mus_size": 16,
      "mus_cells": [
        3,
        7,
        19,
        32,
        34,
        35,
        36
      ],
      "mus_cell_count": 7,
      "mus_clauses": [
        [
          [
            [
              32,
              0
            ],
            [
              34,
              0
            ],
            [
              3,
              0
            ]
          ],
          [
            [
              32,
              1
            ],
            [
              34,
              1
            ],
            [
              3,
              1
            ]
          ],
          [
            [
              32,
              0
            ],
            [
              34,
              0
            ],
            [
              7,
              0
            ]
          ],
          [
            [
              32,
              1
            ],
            [
              34,
              1
            ],
            [
              7,
              1
            ]
          ],
          [
            [
              32,
              0
            ],
            [
              34,
              1
            ],
            [
              19,
              1
            ]
          ],
          [
            [
              32,
              1
            ],
            [
              34,
              0
            ],
            [
              19,
              0
            ]
          ],
          [
            [
              32,
              0
            ],
            [
              36,
              0
            ],
            [
              3,
              1
            ]
          ],
          [
            [
              32,
              1
            ],
            [
              36,
              1
            ],
            [
              3,
              0
            ]
          ],
          [
            [
              34,
              0
            ],
            [
              35,
              1
            ],
            [
              19,
              1
            ]
          ],
          [
            [
              34,
              1
            ],
            [
              35,
              0
            ],
            [
              19,
              0
            ]
          ],
          [
            [
              34,
              0
            ],
            [
              36,
              1
            ],
            [
              19,
              1
            ]
          ],
          [
            [
              34,
              1
            ],
            [
              36,
              0
            ],
            [
              19,
              0
            ]
          ],
          [
            [
              35,
              0
            ],
            [
              36,
              1
            ],
            [
              7,
              1
            ]
          ],
          [
            [
              35,
              1
            ],
            [
              36,
              0
            ],
            [
              7,
              0
            ]
          ],
          [
            [
              35,
              0
            ],
            [
              36,
              0
            ],
            [
              32,
              1
            ]
          ],
          [
            [
              35,
              1
            ],
            [
              36,
              1
            ],
            [
              32,
              0
            ]
          ]
        ]
      ]
    },
    "v20_06": {
      "n_clauses_total": 1344,
      "mus_size": 36,
      "mus_cells": [
        14,
        15,
        18,
        22,
        23,
        24,
        25,
        28,
        29,
        30,
        31,
        32,
        33,
        34,
        35,
        36
      ],
      "mus_cell_count": 16,
      "mus_clauses": [
        [
          [
            [
              22,
              0
            ],
            [
              24,
              1
            ],
            [
              18,
              0
            ]
          ],
          [
            [
              22,
              1
            ],
            [
              24,
              0
            ],
            [
              18,
              1
            ]
          ],
          [
            [
              25,
              0
            ],
            [
              30,
              1
            ],
            [
              18,
              1
            ]
          ],
          [
            [
              25,
              1
            ],
            [
              30,
              0
            ],
            [
              18,
              0
            ]
          ],
          [
            [
              29,
              0
            ],
            [
              31,
              1
            ],
            [
              22,
              0
            ]
          ],
          [
            [
              29,
              1
            ],
            [
              31,
              0
            ],
            [
              22,
              1
            ]
          ],
          [
            [
              30,
              0
            ],
            [
              33,
              1
            ],
            [
              24,
              1
            ]
          ],
          [
            [
              30,
              1
            ],
            [
              33,
              0
            ],
            [
              24,
              0
            ]
          ],
          [
            [
              30,
              0
            ],
            [
              35,
              0
            ],
            [
              15,
              0
            ]
          ],
          [
            [
              30,
              1
            ],
            [
              35,
              1
            ],
            [
              15,
              1
            ]
          ],
          [
            [
              31,
              0
            ],
            [
              33,
              0
            ],
            [
              23,
              1
            ]
          ],
          [
            [
              31,
              1
            ],
            [
              33,
              1
            ],
            [
              23,
              0
            ]
          ],
          [
            [
              31,
              0
            ],
            [
              36,
              0
            ],
            [
              30,
              1
            ]
          ],
          [
            [
              31,
              1
            ],
            [
              36,
              1
            ],
            [
              30,
              0
            ]
          ],
          [
            [
              32,
              0
            ],
            [
              33,
              1
            ],
            [
              29,
              0
            ]
          ],
          [
            [
              32,
              1
            ],
            [
              33,
              0
            ],
            [
              29,
              1
            ]
          ],
          [
            [
              32,
              0
            ],
            [
              34,
              0
            ],
            [
              14,
              0
            ]
          ],
          [
            [
              32,
              0
            ],
            [
              34,
              0
            ],
            [
              14,
              1
            ]
          ],
          [
            [
              32,
              1
            ],
            [
              34,
              1
            ],
            [
              14,
              0
            ]
          ],
          [
            [
              32,
              1
            ],
            [
              34,
              1
            ],
            [
              14,
              1
            ]
          ],
          [
            [
              32,
              0
            ],
            [
              34,
              1
            ],
            [
              22,
              0
            ]
          ],
          [
            [
              32,
              1
            ],
            [
              34,
              0
            ],
            [
              22,
              1
            ]
          ],
          [
            [
              32,
              0
            ],
            [
              34,
              1
            ],
            [
              28,
              0
            ]
          ],
          [
            [
              32,
              1
            ],
            [
              34,
              0
            ],
            [
              28,
              1
            ]
          ],
          [
            [
              33,
              0
            ],
            [
              34,
              1
            ],
            [
              24,
              1
            ]
          ],
          [
            [
              33,
              1
            ],
            [
              34,
              0
            ],
            [
              24,
              0
            ]
          ],
          [
            [
              34,
              0
            ],
            [
              35,
              0
            ],
            [
              15,
              1
            ]
          ],
          [
            [
              34,
              1
            ],
            [
              35,
              1
            ],
            [
              15,
              0
            ]
          ],
          [
            [
              34,
              0
            ],
            [
              35,
              1
            ],
            [
              23,
              0
            ]
          ],
          [
            [
              34,
              1
            ],
            [
              35,
              0
            ],
            [
              23,
              1
            ]
          ],
          [
            [
              34,
              0
            ],
            [
              36,
              0
            ],
            [
              33,
              1
            ]
          ],
          [
            [
              34,
              1
            ],
            [
              36,
              1
            ],
            [
              33,
              0
            ]
          ],
          [
            [
              35,
              0
            ],
            [
              36,
              0
            ],
            [
              25,
              0
            ]
          ],
          [
            [
              35,
              1
            ],
            [
              36,
              1
            ],
            [
              25,
              1
            ]
          ],
          [
            [
              35,
              0
            ],
            [
              36,
              1
            ],
            [
              28,
              0
            ]
          ],
          [
            [
              35,
              1
            ],
            [
              36,
              0
            ],
            [
              28,
              1
            ]
          ]
        ]
      ]
    }
  }
}
