{"n": 72, "p": 37, "degree": 2, "exact_best": 22, "baseline_best": [20, 22, 21, 22, 23], "exact_distinct_residues": 140}
{"n": 72, "p": 37, "degree": 3, "exact_best": 28, "baseline_best": [31, 29, 29, 27, 26], "exact_distinct_residues": 140}
{"n": 72, "p": 41, "degree": 2, "exact_best": 17, "baseline_best": [20, 20, 21, 23, 22], "exact_distinct_residues": 144}
{"n": 72, "p": 41, "degree": 3, "exact_best": 25, "baseline_best": [27, 26, 27, 28, 27], "exact_distinct_residues": 144}
{"n": 72, "p": 43, "degree": 2, "exact_best": 24, "baseline_best": [19, 20, 23, 20, 22], "exact_distinct_residues": 144}
{"n": 72, "p": 43, "degree": 3, "exact_best": 22, "baseline_best": [23, 25, 28, 27, 28], "exact_distinct_residues": 144}
{"n": 72, "p": 47, "degree": 2, "exact_best": 17, "baseline_best": [20, 24, 17, 20, 19], "exact_distinct_residues": 136}
{"n": 72, "p": 47, "degree": 3, "exact_best": 21, "baseline_best": [25, 23, 26, 28, 28], "exact_distinct_residues": 136}
{"n": 72, "p": 53, "degree": 2, "exact_best": 15, "baseline_best": [18, 17, 19, 19, 18], "exact_distinct_residues": 144}
{"n": 72, "p": 53, "degree": 3, "exact_best": 20, "baseline_best": [22, 24, 24, 22, 23], "exact_distinct_residues": 144}
{"n": 72, "p": 59, "degree": 2, "exact_best": 15, "baseline_best": [17, 19, 17, 17, 16], "exact_distinct_residues": 144}
{"n": 72, "p": 59, "degree": 3, "exact_best": 19, "baseline_best": [21, 21, 21, 21, 21], "exact_distinct_residues": 144}
{"n": 72, "p": 61, "degree": 2, "exact_best": 17, "baseline_best": [18, 16, 16, 17, 16], "exact_distinct_residues": 144}
{"n": 72, "p": 61, "degree": 3, "exact_best": 24, "baseline_best": [23, 21, 21, 22, 21], "exact_distinct_residues": 144}
{"n": 72, "p": 67, "degree": 2, "exact_best": 18, "baseline_best": [17, 16, 15, 16, 18], "exact_distinct_residues": 144}
{"n": 72, "p": 67, "degree": 3, "exact_best": 20, "baseline_best": [21, 20, 20, 20, 22], "exact_distinct_residues": 144}
{"n": 72, "p": 71, "degree": 2, "exact_best": 16, "baseline_best": [15, 16, 16, 15, 16], "exact_distinct_residues": 144}
{"n": 72, "p": 71, "degree": 3, "exact_best": 19, "baseline_best": [20, 18, 21, 19, 19], "exact_distinct_residues": 144}
{"n": 72, "p": 73, "degree": 2, "exact_best": 14, "baseline_best": [16, 16, 15, 16, 16], "exact_distinct_residues": 144}
{"n": 72, "p": 73, "degree": 3, "exact_best": 18, "baseline_best": [18, 20, 20, 21, 20], "exact_distinct_residues": 144}
{"n": 72, "p": 79, "degree": 2, "exact_best": 15, "baseline_best": [16, 15, 16, 15, 16], "exact_distinct_residues": 144}
{"n": 72, "p": 79, "degree": 3, "exact_best": 17, "baseline_best": [18, 18, 17, 19, 21], "exact_distinct_residues": 144}
{"n": 72, "p": 83, "degree": 2, "exact_best": 14, "baseline_best": [15, 17, 15, 16, 16], "exact_distinct_residues": 144}
{"n": 72, "p": 83, "degree": 3, "exact_best": 19, "baseline_best": [18, 19, 18, 18, 17], "exact_distinct_residues": 144}
{"n": 72, "p": 89, "degree": 2, "exact_best": 13, "baseline_best": [16, 13, 14, 14, 15], "exact_distinct_residues": 144}
{"n": 72, "p": 89, "degree": 3, "exact_best": 23, "baseline_best": [19, 20, 17, 18, 19], "exact_distinct_residues": 144}
{"n": 72, "p": 97, "degree": 2, "exact_best": 14, "baseline_best": [14, 13, 14, 16, 14], "exact_distinct_residues": 144}
{"n": 72, "p": 97, "degree": 3, "exact_best": 17, "baseline_best": [17, 16, 17, 19, 18], "exact_distinct_residues": 144}
{"n": 72, "p": 101, "degree": 2, "exact_best": 14, "baseline_best": [13, 16, 13, 13, 15], "exact_distinct_residues": 144}
{"n": 72, "p": 101, "degree": 3, "exact_best": 17, "baseline_best": [18, 16, 17, 18, 17], "exact_distinct_residues": 144}
{"n": 72, "p": 103, "degree": 2, "exact_best": 15, "baseline_best": [14, 13, 15, 13, 13], "exact_distinct_residues": 144}
{"n": 72, "p": 103, "degree": 3, "exact_best": 18, "baseline_best": [16, 16, 17, 17, 16], "exact_distinct_residues": 144}
{"n": 72, "p": 107, "degree": 2, "exact_best": 13, "baseline_best": [14, 15, 13, 12, 13], "exact_distinct_residues": 144}
{"n": 72, "p": 107, "degree": 3, "exact_best": 16, "baseline_best": [16, 18, 18, 18, 18], "exact_distinct_residues": 144}
{"n": 72, "p": 109, "degree": 2, "exact_best": 14, "baseline_best": [14, 13, 14, 12, 14], "exact_distinct_residues": 144}
{"n": 72, "p": 109, "degree": 3, "exact_best": 16, "baseline_best": [17, 17, 17, 17, 16], "exact_distinct_residues": 144}
{"n": 72, "p": 113, "degree": 2, "exact_best": 14, "baseline_best": [13, 13, 13, 16, 13], "exact_distinct_residues": 144}
{"n": 72, "p": 113, "degree": 3, "exact_best": 18, "baseline_best": [16, 17, 17, 16, 16], "exact_distinct_residues": 144}
{"n": 72, "p": 127, "degree": 2, "exact_best": 14, "baseline_best": [12, 13, 12, 13, 12], "exact_distinct_residues": 144}
{"n": 72, "p": 127, "degree": 3, "exact_best": 16, "baseline_best": [16, 16, 15, 18, 16], "exact_distinct_residues": 144}
{"n": 72, "p": 131, "degree": 2, "exact_best": 12, "baseline_best": [13, 13, 11, 13, 13], "exact_distinct_residues": 144}
{"n": 72, "p": 131, "degree": 3, "exact_best": 15, "baseline_best": [15, 17, 16, 16, 15], "exact_distinct_residues": 144}
{"n": 72, "p": 137, "degree": 2, "exact_best": 11, "baseline_best": [11, 12, 12, 12, 13], "exact_distinct_residues": 144}
{"n": 72, "p": 137, "degree": 3, "exact_best": 15, "baseline_best": [16, 15, 17, 15, 16], "exact_distinct_residues": 144}
{"n": 72, "p": 139, "degree": 2, "exact_best": 13, "baseline_best": [12, 12, 13, 12, 13], "exact_distinct_residues": 144}
{"n": 72, "p": 139, "degree": 3, "exact_best": 16, "baseline_best": [16, 16, 17, 16, 15], "exact_distinct_residues": 144}
{"n": 72, "p": 149, "degree": 2, "exact_best": 14, "baseline_best": [11, 13, 12, 11, 12], "exact_distinct_residues": 144}
{"n": 72, "p": 149, "degree": 3, "exact_best": 16, "baseline_best": [16, 15, 15, 15, 15], "exact_distinct_residues": 144}
{"n": 72, "p": 151, "degree": 2, "exact_best": 12, "baseline_best": [13, 12, 12, 13, 12], "exact_distinct_residues": 144}
{"n": 72, "p": 151, "degree": 3, "exact_best": 16, "baseline_best": [15, 15, 16, 17, 17], "exact_distinct_residues": 144}
