{
  "summary": true,
  "k": 4,
  "p": 23,
  "n": 92,
  "shifts": [
    0,
    1,
    2,
    3,
    4,
    5,
    6,
    7
  ],
  "u": 0,
  "v": 0,
  "multiplier": 1,
  "samples": 500,
  "mean_collinear_triples": 580.564,
  "median_collinear_triples": 579.0,
  "mean_overfull_lines": 407.176,
  "maximum_occupancy_histogram": {
    "4": 1,
    "5": 157,
    "6": 256,
    "7": 72,
    "8": 14
  },
  "best_collinear_triples": 489,
  "best_overfull_lines": 393,
  "best_points": [
    [
      0,
      23
    ],
    [
      47,
      47
    ],
    [
      25,
      81
    ],
    [
      72,
      8
    ],
    [
      4,
      52
    ],
    [
      5,
      60
    ],
    [
      75,
      73
    ],
    [
      76,
      10
    ],
    [
      31,
      26
    ],
    [
      55,
      18
    ],
    [
      79,
      53
    ],
    [
      57,
      44
    ],
    [
      12,
      71
    ],
    [
      36,
      62
    ],
    [
      60,
      74
    ],
    [
      84,
      20
    ],
    [
      62,
      13
    ],
    [
      17,
      65
    ],
    [
      87,
      32
    ],
    [
      88,
      63
    ],
    [
      89,
      15
    ],
    [
      67,
      57
    ],
    [
      45,
      22
    ],
    [
      23,
      24
    ],
    [
      47,
      25
    ],
    [
      25,
      13
    ],
    [
      49,
      55
    ],
    [
      50,
      76
    ],
    [
      28,
      38
    ],
    [
      52,
      5
    ],
    [
      7,
      34
    ],
    [
      54,
      73
    ],
    [
      9,
      88
    ],
    [
      10,
      77
    ],
    [
      11,
      45
    ],
    [
      35,
      26
    ],
    [
      13,
      17
    ],
    [
      83,
      75
    ],
    [
      61,
      90
    ],
    [
      85,
      60
    ],
    [
      86,
      43
    ],
    [
      64,
      79
    ],
    [
      65,
      41
    ],
    [
      43,
      39
    ],
    [
      67,
      58
    ],
    [
      68,
      46
    ],
    [
      46,
      48
    ],
    [
      70,
      72
    ],
    [
      2,
      14
    ],
    [
      72,
      33
    ],
    [
      50,
      54
    ],
    [
      74,
      85
    ],
    [
      52,
      6
    ],
    [
      76,
      35
    ],
    [
      77,
      28
    ],
    [
      32,
      89
    ],
    [
      33,
      78
    ],
    [
      11,
      69
    ],
    [
      81,
      50
    ],
    [
      59,
      18
    ],
    [
      60,
      7
    ],
    [
      61,
      68
    ],
    [
      16,
      38
    ],
    [
      86,
      67
    ],
    [
      41,
      80
    ],
    [
      88,
      42
    ],
    [
      89,
      86
    ],
    [
      44,
      59
    ],
    [
      22,
      24
    ],
    [
      69,
      49
    ],
    [
      24,
      4
    ],
    [
      48,
      61
    ],
    [
      26,
      11
    ],
    [
      27,
      55
    ],
    [
      28,
      40
    ],
    [
      29,
      30
    ],
    [
      7,
      82
    ],
    [
      8,
      6
    ],
    [
      32,
      21
    ],
    [
      56,
      56
    ],
    [
      34,
      1
    ],
    [
      35,
      28
    ],
    [
      82,
      65
    ],
    [
      37,
      77
    ],
    [
      38,
      69
    ],
    [
      62,
      16
    ],
    [
      63,
      68
    ],
    [
      64,
      81
    ],
    [
      19,
      66
    ],
    [
      66,
      87
    ],
    [
      44,
      83
    ],
    [
      45,
      71
    ],
    [
      0,
      27
    ],
    [
      24,
      74
    ],
    [
      71,
      16
    ],
    [
      3,
      12
    ],
    [
      73,
      33
    ],
    [
      51,
      64
    ],
    [
      6,
      8
    ],
    [
      30,
      14
    ],
    [
      31,
      76
    ],
    [
      78,
      22
    ],
    [
      10,
      34
    ],
    [
      80,
      48
    ],
    [
      81,
      75
    ],
    [
      82,
      20
    ],
    [
      83,
      9
    ],
    [
      15,
      1
    ],
    [
      16,
      17
    ],
    [
      40,
      46
    ],
    [
      87,
      59
    ],
    [
      65,
      21
    ],
    [
      43,
      19
    ],
    [
      21,
      84
    ],
    [
      68,
      3
    ],
    [
      69,
      5
    ],
    [
      1,
      29
    ],
    [
      2,
      86
    ],
    [
      3,
      82
    ],
    [
      27,
      80
    ],
    [
      51,
      19
    ],
    [
      6,
      9
    ],
    [
      53,
      15
    ],
    [
      8,
      31
    ],
    [
      9,
      0
    ],
    [
      33,
      12
    ],
    [
      57,
      72
    ],
    [
      12,
      7
    ],
    [
      13,
      67
    ],
    [
      14,
      56
    ],
    [
      38,
      25
    ],
    [
      85,
      87
    ],
    [
      40,
      70
    ],
    [
      18,
      37
    ],
    [
      42,
      45
    ],
    [
      20,
      43
    ],
    [
      90,
      62
    ],
    [
      22,
      27
    ],
    [
      46,
      29
    ],
    [
      70,
      53
    ],
    [
      71,
      64
    ],
    [
      26,
      37
    ],
    [
      4,
      58
    ],
    [
      74,
      66
    ],
    [
      29,
      10
    ],
    [
      53,
      85
    ],
    [
      77,
      78
    ],
    [
      55,
      70
    ],
    [
      79,
      36
    ],
    [
      34,
      50
    ],
    [
      58,
      54
    ],
    [
      36,
      91
    ],
    [
      14,
      11
    ],
    [
      84,
      3
    ],
    [
      39,
      42
    ],
    [
      63,
      2
    ],
    [
      18,
      61
    ],
    [
      19,
      0
    ],
    [
      66,
      44
    ],
    [
      90,
      63
    ],
    [
      91,
      51
    ],
    [
      23,
      30
    ],
    [
      1,
      31
    ],
    [
      48,
      88
    ],
    [
      49,
      84
    ],
    [
      73,
      36
    ],
    [
      5,
      90
    ],
    [
      75,
      57
    ],
    [
      30,
      40
    ],
    [
      54,
      79
    ],
    [
      78,
      2
    ],
    [
      56,
      83
    ],
    [
      80,
      51
    ],
    [
      58,
      32
    ],
    [
      59,
      23
    ],
    [
      37,
      35
    ],
    [
      15,
      4
    ],
    [
      39,
      89
    ],
    [
      17,
      49
    ],
    [
      41,
      39
    ],
    [
      42,
      47
    ],
    [
      20,
      91
    ],
    [
      21,
      41
    ],
    [
      91,
      52
    ]
  ],
  "zero_count": 0,
  "elapsed_seconds": 5.650847600016277
}
