{"progress": 250, "mean_triples": 191.896, "best_triples": 144, "best_lines": 117, "zero_count": 0, "elapsed_seconds": 0.5691615000250749}
{"progress": 500, "mean_triples": 191.184, "best_triples": 142, "best_lines": 127, "zero_count": 0, "elapsed_seconds": 1.1335434999782592}
{"progress": 750, "mean_triples": 192.05333333333334, "best_triples": 140, "best_lines": 116, "zero_count": 0, "elapsed_seconds": 1.7013483999762684}
{"progress": 1000, "mean_triples": 192.422, "best_triples": 140, "best_lines": 116, "zero_count": 0, "elapsed_seconds": 2.2455506999976933}
{
  "summary": true,
  "k": 4,
  "p": 11,
  "n": 44,
  "shifts": [
    8,
    3,
    2,
    7,
    6,
    5,
    0,
    1
  ],
  "u": 6,
  "v": 10,
  "multiplier": 3,
  "samples": 1000,
  "mean_collinear_triples": 192.422,
  "median_collinear_triples": 191.0,
  "mean_overfull_lines": 134.76,
  "maximum_occupancy_histogram": {
    "4": 129,
    "5": 636,
    "6": 204,
    "7": 30,
    "8": 1
  },
  "best_collinear_triples": 140,
  "best_overfull_lines": 116,
  "best_points": [
    [
      22,
      12
    ],
    [
      12,
      35
    ],
    [
      35,
      31
    ],
    [
      14,
      17
    ],
    [
      15,
      11
    ],
    [
      5,
      15
    ],
    [
      28,
      29
    ],
    [
      40,
      43
    ],
    [
      8,
      25
    ],
    [
      31,
      30
    ],
    [
      32,
      38
    ],
    [
      33,
      7
    ],
    [
      23,
      30
    ],
    [
      2,
      15
    ],
    [
      25,
      34
    ],
    [
      37,
      6
    ],
    [
      38,
      21
    ],
    [
      39,
      35
    ],
    [
      40,
      16
    ],
    [
      19,
      9
    ],
    [
      9,
      3
    ],
    [
      43,
      22
    ],
    [
      0,
      28
    ],
    [
      34,
      29
    ],
    [
      24,
      36
    ],
    [
      36,
      33
    ],
    [
      37,
      5
    ],
    [
      38,
      20
    ],
    [
      6,
      12
    ],
    [
      29,
      37
    ],
    [
      30,
      41
    ],
    [
      42,
      24
    ],
    [
      10,
      10
    ],
    [
      33,
      0
    ],
    [
      23,
      34
    ],
    [
      13,
      8
    ],
    [
      36,
      38
    ],
    [
      4,
      10
    ],
    [
      16,
      3
    ],
    [
      17,
      6
    ],
    [
      18,
      9
    ],
    [
      41,
      13
    ],
    [
      9,
      40
    ],
    [
      10,
      4
    ],
    [
      22,
      32
    ],
    [
      1,
      33
    ],
    [
      13,
      40
    ],
    [
      25,
      4
    ],
    [
      26,
      42
    ],
    [
      27,
      2
    ],
    [
      28,
      5
    ],
    [
      7,
      41
    ],
    [
      41,
      1
    ],
    [
      42,
      17
    ],
    [
      32,
      36
    ],
    [
      11,
      20
    ],
    [
      1,
      32
    ],
    [
      2,
      28
    ],
    [
      3,
      25
    ],
    [
      15,
      19
    ],
    [
      5,
      23
    ],
    [
      17,
      26
    ],
    [
      18,
      18
    ],
    [
      30,
      22
    ],
    [
      20,
      16
    ],
    [
      43,
      13
    ],
    [
      11,
      26
    ],
    [
      34,
      27
    ],
    [
      35,
      23
    ],
    [
      3,
      31
    ],
    [
      26,
      14
    ],
    [
      16,
      7
    ],
    [
      6,
      21
    ],
    [
      29,
      2
    ],
    [
      19,
      39
    ],
    [
      31,
      0
    ],
    [
      21,
      19
    ],
    [
      0,
      27
    ],
    [
      12,
      39
    ],
    [
      24,
      24
    ],
    [
      14,
      43
    ],
    [
      4,
      37
    ],
    [
      27,
      8
    ],
    [
      39,
      11
    ],
    [
      7,
      14
    ],
    [
      8,
      18
    ],
    [
      20,
      1
    ],
    [
      21,
      42
    ]
  ],
  "zero_count": 0,
  "elapsed_seconds": 2.245895300002303
}
