{
  "summary": true,
  "k": 4,
  "p": 29,
  "n": 116,
  "shifts": [
    0,
    1,
    2,
    3,
    4,
    5,
    6,
    7
  ],
  "u": 0,
  "v": 0,
  "multiplier": 1,
  "samples": 500,
  "mean_collinear_triples": 789.87,
  "median_collinear_triples": 789.0,
  "mean_overfull_lines": 567.77,
  "maximum_occupancy_histogram": {
    "5": 119,
    "6": 257,
    "7": 105,
    "8": 16,
    "9": 3
  },
  "best_collinear_triples": 695,
  "best_overfull_lines": 530,
  "best_points": [
    [
      58,
      29
    ],
    [
      30,
      88
    ],
    [
      31,
      15
    ],
    [
      3,
      97
    ],
    [
      62,
      51
    ],
    [
      63,
      6
    ],
    [
      93,
      63
    ],
    [
      7,
      112
    ],
    [
      37,
      40
    ],
    [
      96,
      71
    ],
    [
      10,
      3
    ],
    [
      40,
      95
    ],
    [
      41,
      17
    ],
    [
      71,
      9
    ],
    [
      101,
      27
    ],
    [
      15,
      60
    ],
    [
      103,
      78
    ],
    [
      75,
      12
    ],
    [
      105,
      79
    ],
    [
      77,
      113
    ],
    [
      78,
      103
    ],
    [
      50,
      76
    ],
    [
      22,
      62
    ],
    [
      110,
      82
    ],
    [
      53,
      23
    ],
    [
      112,
      36
    ],
    [
      26,
      106
    ],
    [
      56,
      14
    ],
    [
      57,
      86
    ],
    [
      29,
      30
    ],
    [
      1,
      2
    ],
    [
      89,
      74
    ],
    [
      32,
      98
    ],
    [
      91,
      81
    ],
    [
      92,
      7
    ],
    [
      35,
      64
    ],
    [
      7,
      26
    ],
    [
      66,
      70
    ],
    [
      9,
      101
    ],
    [
      39,
      62
    ],
    [
      98,
      38
    ],
    [
      41,
      18
    ],
    [
      42,
      97
    ],
    [
      101,
      57
    ],
    [
      15,
      61
    ],
    [
      103,
      79
    ],
    [
      17,
      100
    ],
    [
      76,
      22
    ],
    [
      77,
      85
    ],
    [
      20,
      17
    ],
    [
      21,
      77
    ],
    [
      109,
      92
    ],
    [
      23,
      83
    ],
    [
      24,
      24
    ],
    [
      25,
      66
    ],
    [
      84,
      78
    ],
    [
      114,
      73
    ],
    [
      86,
      58
    ],
    [
      0,
      89
    ],
    [
      1,
      61
    ],
    [
      60,
      75
    ],
    [
      61,
      99
    ],
    [
      4,
      53
    ],
    [
      5,
      37
    ],
    [
      64,
      65
    ],
    [
      36,
      85
    ],
    [
      8,
      42
    ],
    [
      67,
      44
    ],
    [
      10,
      5
    ],
    [
      11,
      68
    ],
    [
      70,
      77
    ],
    [
      100,
      11
    ],
    [
      43,
      58
    ],
    [
      73,
      91
    ],
    [
      16,
      109
    ],
    [
      104,
      72
    ],
    [
      76,
      52
    ],
    [
      106,
      115
    ],
    [
      107,
      47
    ],
    [
      21,
      107
    ],
    [
      109,
      93
    ],
    [
      81,
      113
    ],
    [
      82,
      83
    ],
    [
      54,
      96
    ],
    [
      55,
      50
    ],
    [
      114,
      103
    ],
    [
      115,
      59
    ],
    [
      0,
      90
    ],
    [
      30,
      4
    ],
    [
      89,
      18
    ],
    [
      32,
      71
    ],
    [
      33,
      25
    ],
    [
      63,
      9
    ],
    [
      64,
      95
    ],
    [
      36,
      86
    ],
    [
      66,
      72
    ],
    [
      38,
      45
    ],
    [
      39,
      35
    ],
    [
      69,
      40
    ],
    [
      12,
      107
    ],
    [
      13,
      70
    ],
    [
      72,
      59
    ],
    [
      102,
      5
    ],
    [
      45,
      81
    ],
    [
      104,
      102
    ],
    [
      47,
      111
    ],
    [
      19,
      87
    ],
    [
      49,
      19
    ],
    [
      108,
      21
    ],
    [
      80,
      94
    ],
    [
      110,
      114
    ],
    [
      24,
      55
    ],
    [
      112,
      10
    ],
    [
      113,
      22
    ],
    [
      85,
      46
    ],
    [
      28,
      31
    ],
    [
      29,
      33
    ],
    [
      88,
      63
    ],
    [
      31,
      48
    ],
    [
      90,
      43
    ],
    [
      62,
      84
    ],
    [
      34,
      68
    ],
    [
      6,
      67
    ],
    [
      65,
      0
    ],
    [
      95,
      44
    ],
    [
      67,
      104
    ],
    [
      68,
      36
    ],
    [
      98,
      41
    ],
    [
      99,
      21
    ],
    [
      13,
      42
    ],
    [
      43,
      89
    ],
    [
      73,
      35
    ],
    [
      74,
      24
    ],
    [
      17,
      45
    ],
    [
      105,
      25
    ],
    [
      106,
      30
    ],
    [
      107,
      20
    ],
    [
      108,
      80
    ],
    [
      80,
      8
    ],
    [
      52,
      57
    ],
    [
      53,
      114
    ],
    [
      54,
      98
    ],
    [
      55,
      110
    ],
    [
      27,
      76
    ],
    [
      28,
      90
    ],
    [
      87,
      92
    ],
    [
      59,
      6
    ],
    [
      2,
      49
    ],
    [
      90,
      73
    ],
    [
      33,
      56
    ],
    [
      5,
      69
    ],
    [
      93,
      39
    ],
    [
      94,
      88
    ],
    [
      8,
      16
    ],
    [
      9,
      105
    ],
    [
      97,
      66
    ],
    [
      40,
      13
    ],
    [
      70,
      109
    ],
    [
      100,
      101
    ],
    [
      14,
      32
    ],
    [
      44,
      65
    ],
    [
      16,
      54
    ],
    [
      46,
      75
    ],
    [
      18,
      26
    ],
    [
      48,
      2
    ],
    [
      20,
      50
    ],
    [
      50,
      110
    ],
    [
      22,
      38
    ],
    [
      81,
      29
    ],
    [
      82,
      28
    ],
    [
      83,
      99
    ],
    [
      26,
      82
    ],
    [
      56,
      19
    ],
    [
      57,
      4
    ],
    [
      58,
      93
    ],
    [
      88,
      7
    ],
    [
      60,
      108
    ],
    [
      61,
      74
    ],
    [
      4,
      28
    ],
    [
      92,
      12
    ],
    [
      35,
      11
    ],
    [
      94,
      60
    ],
    [
      37,
      104
    ],
    [
      38,
      48
    ],
    [
      97,
      67
    ],
    [
      69,
      14
    ],
    [
      99,
      52
    ],
    [
      71,
      102
    ],
    [
      72,
      91
    ],
    [
      44,
      8
    ],
    [
      45,
      84
    ],
    [
      75,
      105
    ],
    [
      47,
      27
    ],
    [
      48,
      3
    ],
    [
      78,
      80
    ],
    [
      79,
      53
    ],
    [
      51,
      10
    ],
    [
      23,
      1
    ],
    [
      111,
      87
    ],
    [
      83,
      100
    ],
    [
      84,
      112
    ],
    [
      27,
      49
    ],
    [
      115,
      34
    ],
    [
      87,
      94
    ],
    [
      59,
      37
    ],
    [
      2,
      51
    ],
    [
      3,
      46
    ],
    [
      91,
      0
    ],
    [
      34,
      13
    ],
    [
      6,
      41
    ],
    [
      65,
      32
    ],
    [
      95,
      47
    ],
    [
      96,
      20
    ],
    [
      68,
      39
    ],
    [
      11,
      15
    ],
    [
      12,
      111
    ],
    [
      42,
      16
    ],
    [
      14,
      34
    ],
    [
      102,
      96
    ],
    [
      74,
      56
    ],
    [
      46,
      106
    ],
    [
      18,
      115
    ],
    [
      19,
      33
    ],
    [
      49,
      23
    ],
    [
      79,
      54
    ],
    [
      51,
      69
    ],
    [
      52,
      31
    ],
    [
      111,
      1
    ],
    [
      25,
      43
    ],
    [
      113,
      55
    ],
    [
      85,
      108
    ],
    [
      86,
      64
    ]
  ],
  "zero_count": 0,
  "elapsed_seconds": 8.116983600019012
}
