{
  "summary": true,
  "k": 4,
  "p": 13,
  "n": 52,
  "shifts": [
    0,
    1,
    2,
    3,
    4,
    5,
    6,
    7
  ],
  "u": 0,
  "v": 0,
  "multiplier": 1,
  "samples": 500,
  "mean_collinear_triples": 250.42,
  "median_collinear_triples": 249.0,
  "mean_overfull_lines": 171.94,
  "maximum_occupancy_histogram": {
    "4": 25,
    "5": 283,
    "6": 156,
    "7": 33,
    "8": 3
  },
  "best_collinear_triples": 193,
  "best_overfull_lines": 148,
  "best_points": [
    [
      39,
      26
    ],
    [
      1,
      27
    ],
    [
      15,
      7
    ],
    [
      3,
      22
    ],
    [
      17,
      23
    ],
    [
      18,
      21
    ],
    [
      6,
      11
    ],
    [
      20,
      2
    ],
    [
      8,
      31
    ],
    [
      48,
      16
    ],
    [
      23,
      43
    ],
    [
      50,
      32
    ],
    [
      25,
      51
    ],
    [
      26,
      27
    ],
    [
      27,
      2
    ],
    [
      15,
      8
    ],
    [
      42,
      49
    ],
    [
      43,
      11
    ],
    [
      5,
      9
    ],
    [
      32,
      25
    ],
    [
      33,
      3
    ],
    [
      34,
      45
    ],
    [
      35,
      30
    ],
    [
      49,
      31
    ],
    [
      24,
      20
    ],
    [
      12,
      39
    ],
    [
      39,
      41
    ],
    [
      14,
      29
    ],
    [
      41,
      48
    ],
    [
      3,
      24
    ],
    [
      30,
      51
    ],
    [
      31,
      23
    ],
    [
      45,
      26
    ],
    [
      33,
      43
    ],
    [
      21,
      20
    ],
    [
      9,
      5
    ],
    [
      36,
      45
    ],
    [
      50,
      21
    ],
    [
      38,
      14
    ],
    [
      13,
      42
    ],
    [
      27,
      17
    ],
    [
      2,
      49
    ],
    [
      16,
      38
    ],
    [
      17,
      13
    ],
    [
      5,
      37
    ],
    [
      32,
      1
    ],
    [
      20,
      18
    ],
    [
      34,
      8
    ],
    [
      9,
      32
    ],
    [
      10,
      46
    ],
    [
      24,
      35
    ],
    [
      51,
      15
    ],
    [
      0,
      4
    ],
    [
      40,
      44
    ],
    [
      28,
      37
    ],
    [
      16,
      13
    ],
    [
      4,
      1
    ],
    [
      18,
      25
    ],
    [
      19,
      28
    ],
    [
      46,
      6
    ],
    [
      8,
      9
    ],
    [
      35,
      7
    ],
    [
      23,
      47
    ],
    [
      11,
      10
    ],
    [
      38,
      42
    ],
    [
      0,
      5
    ],
    [
      40,
      19
    ],
    [
      41,
      12
    ],
    [
      29,
      40
    ],
    [
      30,
      15
    ],
    [
      44,
      0
    ],
    [
      6,
      3
    ],
    [
      7,
      33
    ],
    [
      47,
      36
    ],
    [
      48,
      34
    ],
    [
      49,
      22
    ],
    [
      37,
      24
    ],
    [
      25,
      17
    ],
    [
      26,
      6
    ],
    [
      1,
      33
    ],
    [
      28,
      39
    ],
    [
      42,
      28
    ],
    [
      4,
      16
    ],
    [
      44,
      14
    ],
    [
      19,
      4
    ],
    [
      46,
      34
    ],
    [
      21,
      50
    ],
    [
      22,
      35
    ],
    [
      10,
      10
    ],
    [
      37,
      12
    ],
    [
      51,
      44
    ],
    [
      13,
      46
    ],
    [
      14,
      47
    ],
    [
      2,
      40
    ],
    [
      29,
      29
    ],
    [
      43,
      30
    ],
    [
      31,
      41
    ],
    [
      45,
      18
    ],
    [
      7,
      48
    ],
    [
      47,
      38
    ],
    [
      22,
      36
    ],
    [
      36,
      50
    ],
    [
      11,
      0
    ],
    [
      12,
      19
    ]
  ],
  "zero_count": 0,
  "elapsed_seconds": 1.6191032999777235
}
