{
  "summary": true,
  "k": 4,
  "p": 31,
  "n": 124,
  "shifts": [
    0,
    1,
    2,
    3,
    4,
    5,
    6,
    7
  ],
  "u": 0,
  "v": 0,
  "multiplier": 1,
  "samples": 500,
  "mean_collinear_triples": 863.772,
  "median_collinear_triples": 863.5,
  "mean_overfull_lines": 624.138,
  "maximum_occupancy_histogram": {
    "5": 97,
    "6": 267,
    "7": 110,
    "8": 21,
    "9": 5
  },
  "best_collinear_triples": 730,
  "best_overfull_lines": 586,
  "best_points": [
    [
      93,
      0
    ],
    [
      94,
      63
    ],
    [
      33,
      16
    ],
    [
      96,
      83
    ],
    [
      4,
      101
    ],
    [
      98,
      56
    ],
    [
      68,
      57
    ],
    [
      38,
      102
    ],
    [
      8,
      35
    ],
    [
      71,
      100
    ],
    [
      72,
      59
    ],
    [
      104,
      48
    ],
    [
      43,
      13
    ],
    [
      44,
      12
    ],
    [
      107,
      82
    ],
    [
      46,
      122
    ],
    [
      78,
      2
    ],
    [
      17,
      42
    ],
    [
      18,
      112
    ],
    [
      50,
      18
    ],
    [
      113,
      76
    ],
    [
      52,
      96
    ],
    [
      53,
      24
    ],
    [
      116,
      58
    ],
    [
      24,
      53
    ],
    [
      56,
      67
    ],
    [
      119,
      6
    ],
    [
      27,
      116
    ],
    [
      121,
      72
    ],
    [
      60,
      15
    ],
    [
      61,
      61
    ],
    [
      62,
      94
    ],
    [
      32,
      33
    ],
    [
      64,
      110
    ],
    [
      96,
      115
    ],
    [
      66,
      40
    ],
    [
      98,
      119
    ],
    [
      6,
      120
    ],
    [
      69,
      103
    ],
    [
      101,
      36
    ],
    [
      9,
      70
    ],
    [
      103,
      29
    ],
    [
      42,
      80
    ],
    [
      43,
      76
    ],
    [
      13,
      106
    ],
    [
      14,
      114
    ],
    [
      77,
      92
    ],
    [
      16,
      34
    ],
    [
      79,
      105
    ],
    [
      111,
      51
    ],
    [
      112,
      19
    ],
    [
      51,
      108
    ],
    [
      52,
      35
    ],
    [
      115,
      118
    ],
    [
      23,
      28
    ],
    [
      117,
      23
    ],
    [
      56,
      6
    ],
    [
      57,
      100
    ],
    [
      58,
      117
    ],
    [
      28,
      104
    ],
    [
      122,
      16
    ],
    [
      30,
      31
    ],
    [
      0,
      64
    ],
    [
      63,
      3
    ],
    [
      2,
      18
    ],
    [
      65,
      54
    ],
    [
      4,
      41
    ],
    [
      67,
      120
    ],
    [
      6,
      28
    ],
    [
      7,
      11
    ],
    [
      101,
      37
    ],
    [
      71,
      40
    ],
    [
      41,
      123
    ],
    [
      42,
      81
    ],
    [
      12,
      77
    ],
    [
      13,
      45
    ],
    [
      45,
      22
    ],
    [
      15,
      93
    ],
    [
      16,
      97
    ],
    [
      110,
      75
    ],
    [
      18,
      52
    ],
    [
      81,
      20
    ],
    [
      20,
      109
    ],
    [
      114,
      98
    ],
    [
      84,
      57
    ],
    [
      54,
      29
    ],
    [
      24,
      86
    ],
    [
      118,
      69
    ],
    [
      26,
      8
    ],
    [
      89,
      56
    ],
    [
      90,
      74
    ],
    [
      91,
      17
    ],
    [
      123,
      32
    ],
    [
      31,
      96
    ],
    [
      1,
      66
    ],
    [
      33,
      112
    ],
    [
      3,
      24
    ],
    [
      97,
      104
    ],
    [
      36,
      121
    ],
    [
      68,
      60
    ],
    [
      7,
      43
    ],
    [
      39,
      69
    ],
    [
      40,
      10
    ],
    [
      103,
      62
    ],
    [
      11,
      20
    ],
    [
      105,
      47
    ],
    [
      75,
      108
    ],
    [
      107,
      85
    ],
    [
      15,
      63
    ],
    [
      47,
      5
    ],
    [
      48,
      14
    ],
    [
      111,
      22
    ],
    [
      112,
      52
    ],
    [
      82,
      79
    ],
    [
      114,
      99
    ],
    [
      22,
      58
    ],
    [
      85,
      61
    ],
    [
      86,
      87
    ],
    [
      87,
      39
    ],
    [
      57,
      102
    ],
    [
      27,
      26
    ],
    [
      121,
      44
    ],
    [
      29,
      49
    ],
    [
      92,
      64
    ],
    [
      0,
      66
    ],
    [
      1,
      98
    ],
    [
      95,
      82
    ],
    [
      34,
      87
    ],
    [
      35,
      12
    ],
    [
      5,
      91
    ],
    [
      37,
      92
    ],
    [
      100,
      75
    ],
    [
      8,
      101
    ],
    [
      9,
      73
    ],
    [
      41,
      1
    ],
    [
      73,
      114
    ],
    [
      74,
      17
    ],
    [
      106,
      109
    ],
    [
      76,
      55
    ],
    [
      108,
      2
    ],
    [
      109,
      99
    ],
    [
      48,
      46
    ],
    [
      49,
      116
    ],
    [
      50,
      53
    ],
    [
      51,
      111
    ],
    [
      21,
      38
    ],
    [
      84,
      90
    ],
    [
      116,
      0
    ],
    [
      86,
      119
    ],
    [
      25,
      71
    ],
    [
      88,
      10
    ],
    [
      89,
      89
    ],
    [
      59,
      14
    ],
    [
      122,
      81
    ],
    [
      61,
      34
    ],
    [
      62,
      5
    ],
    [
      32,
      68
    ],
    [
      2,
      21
    ],
    [
      34,
      26
    ],
    [
      66,
      44
    ],
    [
      36,
      30
    ],
    [
      37,
      93
    ],
    [
      69,
      107
    ],
    [
      70,
      71
    ],
    [
      40,
      43
    ],
    [
      72,
      95
    ],
    [
      73,
      115
    ],
    [
      12,
      49
    ],
    [
      106,
      110
    ],
    [
      76,
      118
    ],
    [
      77,
      65
    ],
    [
      109,
      38
    ],
    [
      17,
      47
    ],
    [
      80,
      86
    ],
    [
      19,
      85
    ],
    [
      82,
      50
    ],
    [
      83,
      8
    ],
    [
      115,
      60
    ],
    [
      23,
      32
    ],
    [
      55,
      27
    ],
    [
      118,
      72
    ],
    [
      26,
      73
    ],
    [
      120,
      90
    ],
    [
      28,
      15
    ],
    [
      29,
      113
    ],
    [
      30,
      97
    ],
    [
      93,
      37
    ],
    [
      63,
      7
    ],
    [
      95,
      84
    ],
    [
      65,
      27
    ],
    [
      97,
      107
    ],
    [
      67,
      31
    ],
    [
      99,
      1
    ],
    [
      38,
      46
    ],
    [
      70,
      103
    ],
    [
      102,
      13
    ],
    [
      10,
      65
    ],
    [
      104,
      54
    ],
    [
      74,
      19
    ],
    [
      75,
      80
    ],
    [
      14,
      88
    ],
    [
      108,
      4
    ],
    [
      78,
      39
    ],
    [
      110,
      48
    ],
    [
      80,
      25
    ],
    [
      81,
      117
    ],
    [
      20,
      113
    ],
    [
      83,
      9
    ],
    [
      53,
      123
    ],
    [
      54,
      95
    ],
    [
      117,
      121
    ],
    [
      25,
      42
    ],
    [
      119,
      105
    ],
    [
      120,
      91
    ],
    [
      90,
      78
    ],
    [
      60,
      21
    ],
    [
      123,
      67
    ],
    [
      31,
      7
    ],
    [
      94,
      70
    ],
    [
      64,
      23
    ],
    [
      3,
      59
    ],
    [
      35,
      77
    ],
    [
      5,
      94
    ],
    [
      99,
      33
    ],
    [
      100,
      78
    ],
    [
      39,
      11
    ],
    [
      102,
      45
    ],
    [
      10,
      4
    ],
    [
      11,
      55
    ],
    [
      105,
      51
    ],
    [
      44,
      50
    ],
    [
      45,
      89
    ],
    [
      46,
      36
    ],
    [
      47,
      9
    ],
    [
      79,
      111
    ],
    [
      49,
      88
    ],
    [
      19,
      25
    ],
    [
      113,
      83
    ],
    [
      21,
      41
    ],
    [
      22,
      62
    ],
    [
      85,
      3
    ],
    [
      55,
      122
    ],
    [
      87,
      74
    ],
    [
      88,
      106
    ],
    [
      58,
      30
    ],
    [
      59,
      79
    ],
    [
      91,
      84
    ],
    [
      92,
      68
    ]
  ],
  "zero_count": 0,
  "elapsed_seconds": 8.711576299974695
}
