{
  "summary": true,
  "k": 4,
  "p": 17,
  "n": 68,
  "shifts": [
    0,
    1,
    2,
    3,
    4,
    5,
    6,
    7
  ],
  "u": 0,
  "v": 0,
  "multiplier": 1,
  "samples": 500,
  "mean_collinear_triples": 371.272,
  "median_collinear_triples": 368.0,
  "mean_overfull_lines": 261.904,
  "maximum_occupancy_histogram": {
    "4": 10,
    "5": 282,
    "6": 167,
    "7": 40,
    "8": 1
  },
  "best_collinear_triples": 303,
  "best_overfull_lines": 255,
  "best_points": [
    [
      51,
      34
    ],
    [
      35,
      18
    ],
    [
      36,
      43
    ],
    [
      54,
      57
    ],
    [
      38,
      30
    ],
    [
      39,
      41
    ],
    [
      40,
      20
    ],
    [
      7,
      39
    ],
    [
      25,
      66
    ],
    [
      60,
      53
    ],
    [
      61,
      46
    ],
    [
      28,
      48
    ],
    [
      12,
      10
    ],
    [
      30,
      38
    ],
    [
      31,
      45
    ],
    [
      49,
      25
    ],
    [
      16,
      16
    ],
    [
      17,
      35
    ],
    [
      1,
      36
    ],
    [
      19,
      61
    ],
    [
      37,
      58
    ],
    [
      4,
      31
    ],
    [
      56,
      42
    ],
    [
      6,
      38
    ],
    [
      24,
      40
    ],
    [
      42,
      50
    ],
    [
      26,
      20
    ],
    [
      44,
      13
    ],
    [
      45,
      15
    ],
    [
      63,
      11
    ],
    [
      13,
      22
    ],
    [
      31,
      63
    ],
    [
      15,
      43
    ],
    [
      33,
      17
    ],
    [
      34,
      36
    ],
    [
      52,
      54
    ],
    [
      36,
      45
    ],
    [
      3,
      25
    ],
    [
      38,
      66
    ],
    [
      39,
      9
    ],
    [
      57,
      56
    ],
    [
      24,
      7
    ],
    [
      25,
      51
    ],
    [
      9,
      4
    ],
    [
      10,
      65
    ],
    [
      28,
      50
    ],
    [
      46,
      29
    ],
    [
      64,
      6
    ],
    [
      65,
      64
    ],
    [
      15,
      27
    ],
    [
      50,
      18
    ],
    [
      17,
      3
    ],
    [
      52,
      21
    ],
    [
      53,
      12
    ],
    [
      3,
      26
    ],
    [
      4,
      33
    ],
    [
      22,
      27
    ],
    [
      23,
      6
    ],
    [
      58,
      59
    ],
    [
      59,
      1
    ],
    [
      60,
      5
    ],
    [
      44,
      49
    ],
    [
      11,
      0
    ],
    [
      29,
      13
    ],
    [
      47,
      41
    ],
    [
      48,
      65
    ],
    [
      32,
      11
    ],
    [
      67,
      19
    ],
    [
      34,
      4
    ],
    [
      18,
      56
    ],
    [
      2,
      47
    ],
    [
      37,
      61
    ],
    [
      55,
      0
    ],
    [
      56,
      62
    ],
    [
      57,
      58
    ],
    [
      58,
      26
    ],
    [
      59,
      19
    ],
    [
      26,
      40
    ],
    [
      27,
      33
    ],
    [
      62,
      52
    ],
    [
      12,
      14
    ],
    [
      13,
      8
    ],
    [
      14,
      15
    ],
    [
      66,
      46
    ],
    [
      16,
      54
    ],
    [
      0,
      5
    ],
    [
      1,
      57
    ],
    [
      2,
      14
    ],
    [
      20,
      28
    ],
    [
      21,
      35
    ],
    [
      5,
      29
    ],
    [
      23,
      59
    ],
    [
      7,
      10
    ],
    [
      8,
      37
    ],
    [
      43,
      7
    ],
    [
      27,
      17
    ],
    [
      62,
      53
    ],
    [
      46,
      49
    ],
    [
      30,
      60
    ],
    [
      65,
      16
    ],
    [
      49,
      47
    ],
    [
      67,
      55
    ],
    [
      0,
      23
    ],
    [
      35,
      24
    ],
    [
      53,
      32
    ],
    [
      54,
      63
    ],
    [
      55,
      2
    ],
    [
      22,
      30
    ],
    [
      40,
      60
    ],
    [
      41,
      28
    ],
    [
      42,
      55
    ],
    [
      9,
      42
    ],
    [
      10,
      52
    ],
    [
      11,
      37
    ],
    [
      63,
      67
    ],
    [
      47,
      44
    ],
    [
      48,
      34
    ],
    [
      32,
      31
    ],
    [
      33,
      22
    ],
    [
      51,
      24
    ],
    [
      18,
      8
    ],
    [
      19,
      67
    ],
    [
      20,
      64
    ],
    [
      21,
      3
    ],
    [
      5,
      48
    ],
    [
      6,
      44
    ],
    [
      41,
      12
    ],
    [
      8,
      39
    ],
    [
      43,
      9
    ],
    [
      61,
      2
    ],
    [
      45,
      21
    ],
    [
      29,
      51
    ],
    [
      64,
      62
    ],
    [
      14,
      1
    ],
    [
      66,
      32
    ],
    [
      50,
      23
    ]
  ],
  "zero_count": 0,
  "elapsed_seconds": 3.1084249999839813
}
