{
  "summary": true,
  "k": 4,
  "p": 19,
  "n": 76,
  "shifts": [
    0,
    1,
    2,
    3,
    4,
    5,
    6,
    7
  ],
  "u": 0,
  "v": 0,
  "multiplier": 1,
  "samples": 500,
  "mean_collinear_triples": 425.476,
  "median_collinear_triples": 424.0,
  "mean_overfull_lines": 310.394,
  "maximum_occupancy_histogram": {
    "4": 9,
    "5": 315,
    "6": 150,
    "7": 23,
    "8": 2,
    "9": 1
  },
  "best_collinear_triples": 349,
  "best_overfull_lines": 301,
  "best_points": [
    [
      19,
      38
    ],
    [
      1,
      20
    ],
    [
      21,
      48
    ],
    [
      3,
      13
    ],
    [
      61,
      62
    ],
    [
      5,
      23
    ],
    [
      44,
      54
    ],
    [
      26,
      49
    ],
    [
      8,
      12
    ],
    [
      66,
      36
    ],
    [
      10,
      40
    ],
    [
      68,
      64
    ],
    [
      31,
      46
    ],
    [
      13,
      22
    ],
    [
      14,
      72
    ],
    [
      15,
      71
    ],
    [
      73,
      44
    ],
    [
      36,
      66
    ],
    [
      56,
      18
    ],
    [
      38,
      39
    ],
    [
      20,
      59
    ],
    [
      40,
      68
    ],
    [
      22,
      33
    ],
    [
      42,
      6
    ],
    [
      24,
      5
    ],
    [
      25,
      17
    ],
    [
      26,
      69
    ],
    [
      46,
      51
    ],
    [
      9,
      56
    ],
    [
      29,
      60
    ],
    [
      11,
      8
    ],
    [
      12,
      66
    ],
    [
      32,
      61
    ],
    [
      14,
      16
    ],
    [
      72,
      53
    ],
    [
      16,
      45
    ],
    [
      17,
      10
    ],
    [
      37,
      57
    ],
    [
      57,
      21
    ],
    [
      58,
      3
    ],
    [
      40,
      50
    ],
    [
      41,
      15
    ],
    [
      23,
      45
    ],
    [
      5,
      25
    ],
    [
      6,
      56
    ],
    [
      7,
      70
    ],
    [
      65,
      52
    ],
    [
      28,
      0
    ],
    [
      29,
      61
    ],
    [
      30,
      9
    ],
    [
      31,
      29
    ],
    [
      70,
      43
    ],
    [
      52,
      36
    ],
    [
      15,
      73
    ],
    [
      35,
      46
    ],
    [
      17,
      30
    ],
    [
      18,
      1
    ],
    [
      19,
      3
    ],
    [
      1,
      42
    ],
    [
      21,
      13
    ],
    [
      3,
      35
    ],
    [
      23,
      8
    ],
    [
      62,
      7
    ],
    [
      44,
      38
    ],
    [
      64,
      71
    ],
    [
      8,
      34
    ],
    [
      66,
      58
    ],
    [
      10,
      24
    ],
    [
      49,
      67
    ],
    [
      50,
      30
    ],
    [
      32,
      44
    ],
    [
      71,
      75
    ],
    [
      34,
      55
    ],
    [
      54,
      47
    ],
    [
      74,
      69
    ],
    [
      56,
      40
    ],
    [
      38,
      42
    ],
    [
      39,
      5
    ],
    [
      59,
      33
    ],
    [
      60,
      55
    ],
    [
      42,
      28
    ],
    [
      43,
      65
    ],
    [
      63,
      39
    ],
    [
      7,
      15
    ],
    [
      27,
      54
    ],
    [
      47,
      2
    ],
    [
      67,
      63
    ],
    [
      68,
      68
    ],
    [
      69,
      31
    ],
    [
      51,
      7
    ],
    [
      52,
      19
    ],
    [
      34,
      75
    ],
    [
      54,
      10
    ],
    [
      74,
      51
    ],
    [
      37,
      60
    ],
    [
      57,
      62
    ],
    [
      20,
      63
    ],
    [
      2,
      53
    ],
    [
      22,
      18
    ],
    [
      61,
      48
    ],
    [
      24,
      9
    ],
    [
      6,
      21
    ],
    [
      45,
      73
    ],
    [
      27,
      74
    ],
    [
      9,
      22
    ],
    [
      48,
      26
    ],
    [
      11,
      50
    ],
    [
      69,
      32
    ],
    [
      13,
      27
    ],
    [
      33,
      1
    ],
    [
      53,
      0
    ],
    [
      16,
      11
    ],
    [
      36,
      52
    ],
    [
      75,
      23
    ],
    [
      0,
      6
    ],
    [
      39,
      26
    ],
    [
      2,
      35
    ],
    [
      60,
      57
    ],
    [
      4,
      11
    ],
    [
      43,
      67
    ],
    [
      63,
      41
    ],
    [
      45,
      74
    ],
    [
      65,
      37
    ],
    [
      28,
      4
    ],
    [
      67,
      65
    ],
    [
      49,
      32
    ],
    [
      50,
      14
    ],
    [
      51,
      28
    ],
    [
      33,
      59
    ],
    [
      53,
      20
    ],
    [
      73,
      31
    ],
    [
      55,
      34
    ],
    [
      18,
      24
    ],
    [
      0,
      64
    ],
    [
      58,
      27
    ],
    [
      59,
      17
    ],
    [
      41,
      58
    ],
    [
      4,
      12
    ],
    [
      62,
      49
    ],
    [
      25,
      4
    ],
    [
      64,
      37
    ],
    [
      46,
      19
    ],
    [
      47,
      43
    ],
    [
      48,
      47
    ],
    [
      30,
      14
    ],
    [
      12,
      72
    ],
    [
      70,
      29
    ],
    [
      71,
      41
    ],
    [
      72,
      2
    ],
    [
      35,
      70
    ],
    [
      55,
      16
    ],
    [
      75,
      25
    ]
  ],
  "zero_count": 0,
  "elapsed_seconds": 3.819698999985121
}
