{
  "summary": true,
  "k": 4,
  "p": 11,
  "n": 44,
  "shifts": [
    0,
    1,
    2,
    3,
    4,
    5,
    6,
    7
  ],
  "u": 0,
  "v": 0,
  "multiplier": 1,
  "samples": 500,
  "mean_collinear_triples": 190.134,
  "median_collinear_triples": 188.0,
  "mean_overfull_lines": 133.832,
  "maximum_occupancy_histogram": {
    "4": 74,
    "5": 307,
    "6": 100,
    "7": 19
  },
  "best_collinear_triples": 136,
  "best_overfull_lines": 109,
  "best_points": [
    [
      11,
      33
    ],
    [
      34,
      12
    ],
    [
      2,
      17
    ],
    [
      36,
      37
    ],
    [
      26,
      14
    ],
    [
      16,
      9
    ],
    [
      39,
      13
    ],
    [
      7,
      41
    ],
    [
      19,
      40
    ],
    [
      31,
      16
    ],
    [
      21,
      21
    ],
    [
      0,
      12
    ],
    [
      23,
      35
    ],
    [
      35,
      29
    ],
    [
      25,
      38
    ],
    [
      4,
      4
    ],
    [
      27,
      32
    ],
    [
      6,
      25
    ],
    [
      18,
      42
    ],
    [
      30,
      8
    ],
    [
      42,
      39
    ],
    [
      32,
      33
    ],
    [
      0,
      2
    ],
    [
      23,
      14
    ],
    [
      24,
      19
    ],
    [
      25,
      39
    ],
    [
      15,
      5
    ],
    [
      5,
      22
    ],
    [
      28,
      26
    ],
    [
      40,
      43
    ],
    [
      8,
      31
    ],
    [
      9,
      18
    ],
    [
      43,
      34
    ],
    [
      11,
      3
    ],
    [
      1,
      26
    ],
    [
      35,
      20
    ],
    [
      3,
      7
    ],
    [
      4,
      17
    ],
    [
      38,
      23
    ],
    [
      17,
      27
    ],
    [
      18,
      11
    ],
    [
      30,
      21
    ],
    [
      31,
      19
    ],
    [
      21,
      24
    ],
    [
      22,
      4
    ],
    [
      34,
      5
    ],
    [
      13,
      43
    ],
    [
      36,
      41
    ],
    [
      37,
      18
    ],
    [
      16,
      13
    ],
    [
      6,
      28
    ],
    [
      29,
      1
    ],
    [
      41,
      0
    ],
    [
      20,
      31
    ],
    [
      32,
      3
    ],
    [
      33,
      38
    ],
    [
      12,
      6
    ],
    [
      13,
      22
    ],
    [
      14,
      20
    ],
    [
      15,
      30
    ],
    [
      38,
      25
    ],
    [
      17,
      29
    ],
    [
      7,
      24
    ],
    [
      8,
      23
    ],
    [
      9,
      10
    ],
    [
      43,
      15
    ],
    [
      22,
      6
    ],
    [
      12,
      7
    ],
    [
      2,
      1
    ],
    [
      3,
      32
    ],
    [
      37,
      9
    ],
    [
      27,
      15
    ],
    [
      28,
      8
    ],
    [
      40,
      36
    ],
    [
      41,
      2
    ],
    [
      20,
      0
    ],
    [
      10,
      27
    ],
    [
      33,
      40
    ],
    [
      1,
      30
    ],
    [
      24,
      35
    ],
    [
      14,
      11
    ],
    [
      26,
      10
    ],
    [
      5,
      16
    ],
    [
      39,
      42
    ],
    [
      29,
      37
    ],
    [
      19,
      36
    ],
    [
      42,
      34
    ],
    [
      10,
      28
    ]
  ],
  "zero_count": 0,
  "elapsed_seconds": 1.2282439999980852
}
