v20_01 k=14: 6,424,194 input survivors
  v20_01 k=14 q=0: feasible=726,702 collected=726,702
  v20_01 k=14 q=1: feasible=4,658 collected=4,658
  v20_01 k=14 q=2: feasible=65 collected=65
  v20_01 k=14 q=3: feasible=3 collected=3
{
  "0": {
    "factor_feasible_masks": 726702,
    "collected_feasible": 726702,
    "max_factor_search_nodes": 221
  },
  "1": {
    "factor_feasible_masks": 4658,
    "collected_feasible": 4658,
    "max_factor_search_nodes": 147
  },
  "2": {
    "factor_feasible_masks": 65,
    "collected_feasible": 65,
    "max_factor_search_nodes": 56
  },
  "3": {
    "factor_feasible_masks": 3,
    "collected_feasible": 3,
    "max_factor_search_nodes": 21
  }
}
D:\djr82\Documents\workbuddy\2026-07-03-16-29-36\no3inline-rigidity\analysis\even_n_existence_tools\v20_01_k14_audit_rescan.json
